Archive member included because of file (symbol)

/home/yama/GCCToolchain/arm-2013.11/bin/../lib/gcc/arm-none-eabi/4.8.1/../../../../arm-none-eabi/lib/thumb2/libc.a(lib_a-ctype_.o)
                              ./hardware/src/newlib/_syscalls.o (__ctype_ptr__)
/home/yama/GCCToolchain/arm-2013.11/bin/../lib/gcc/arm-none-eabi/4.8.1/../../../../arm-none-eabi/lib/thumb2/libc.a(lib_a-errno.o)
                              ./hardware/src/newlib/_sbrk.o (__errno)
/home/yama/GCCToolchain/arm-2013.11/bin/../lib/gcc/arm-none-eabi/4.8.1/../../../../arm-none-eabi/lib/thumb2/libc.a(lib_a-findfp.o)
                              ./hardware/src/newlib/_syscalls.o (__sinit)
/home/yama/GCCToolchain/arm-2013.11/bin/../lib/gcc/arm-none-eabi/4.8.1/../../../../arm-none-eabi/lib/thumb2/libc.a(lib_a-fwalk.o)
                              /home/yama/GCCToolchain/arm-2013.11/bin/../lib/gcc/arm-none-eabi/4.8.1/../../../../arm-none-eabi/lib/thumb2/libc.a(lib_a-findfp.o) (_fwalk)
/home/yama/GCCToolchain/arm-2013.11/bin/../lib/gcc/arm-none-eabi/4.8.1/../../../../arm-none-eabi/lib/thumb2/libc.a(lib_a-impure.o)
                              /home/yama/GCCToolchain/arm-2013.11/bin/../lib/gcc/arm-none-eabi/4.8.1/../../../../arm-none-eabi/lib/thumb2/libc.a(lib_a-findfp.o) (_global_impure_ptr)
/home/yama/GCCToolchain/arm-2013.11/bin/../lib/gcc/arm-none-eabi/4.8.1/../../../../arm-none-eabi/lib/thumb2/libc.a(lib_a-mallocr.o)
                              /home/yama/GCCToolchain/arm-2013.11/bin/../lib/gcc/arm-none-eabi/4.8.1/../../../../arm-none-eabi/lib/thumb2/libc.a(lib_a-findfp.o) (_malloc_r)
/home/yama/GCCToolchain/arm-2013.11/bin/../lib/gcc/arm-none-eabi/4.8.1/../../../../arm-none-eabi/lib/thumb2/libc.a(lib_a-memset.o)
                              ./hardware/src/newlib/_syscalls.o (memset)
/home/yama/GCCToolchain/arm-2013.11/bin/../lib/gcc/arm-none-eabi/4.8.1/../../../../arm-none-eabi/lib/thumb2/libc.a(lib_a-mlock.o)
                              /home/yama/GCCToolchain/arm-2013.11/bin/../lib/gcc/arm-none-eabi/4.8.1/../../../../arm-none-eabi/lib/thumb2/libc.a(lib_a-mallocr.o) (__malloc_lock)
/home/yama/GCCToolchain/arm-2013.11/bin/../lib/gcc/arm-none-eabi/4.8.1/../../../../arm-none-eabi/lib/thumb2/libc.a(lib_a-sbrkr.o)
                              /home/yama/GCCToolchain/arm-2013.11/bin/../lib/gcc/arm-none-eabi/4.8.1/../../../../arm-none-eabi/lib/thumb2/libc.a(lib_a-mallocr.o) (_sbrk_r)
/home/yama/GCCToolchain/arm-2013.11/bin/../lib/gcc/arm-none-eabi/4.8.1/../../../../arm-none-eabi/lib/thumb2/libc.a(lib_a-stdio.o)
                              /home/yama/GCCToolchain/arm-2013.11/bin/../lib/gcc/arm-none-eabi/4.8.1/../../../../arm-none-eabi/lib/thumb2/libc.a(lib_a-findfp.o) (__sread)
/home/yama/GCCToolchain/arm-2013.11/bin/../lib/gcc/arm-none-eabi/4.8.1/../../../../arm-none-eabi/lib/thumb2/libc.a(lib_a-strcmp.o)
                              ./hardware/src/cortexm/exception_handlers.o (strcmp)
/home/yama/GCCToolchain/arm-2013.11/bin/../lib/gcc/arm-none-eabi/4.8.1/../../../../arm-none-eabi/lib/thumb2/libc.a(lib_a-strlen.o)
                              ./hardware/src/newlib/_syscalls.o (strlen)
/home/yama/GCCToolchain/arm-2013.11/bin/../lib/gcc/arm-none-eabi/4.8.1/../../../../arm-none-eabi/lib/thumb2/libc.a(lib_a-strncpy.o)
                              ./hardware/src/newlib/_syscalls.o (strncpy)
/home/yama/GCCToolchain/arm-2013.11/bin/../lib/gcc/arm-none-eabi/4.8.1/../../../../arm-none-eabi/lib/thumb2/libc.a(lib_a-vsnprintf.o)
                              ./src/console/console_serial_traffic.o (vsnprintf)
/home/yama/GCCToolchain/arm-2013.11/bin/../lib/gcc/arm-none-eabi/4.8.1/../../../../arm-none-eabi/lib/thumb2/libc.a(lib_a-writer.o)
                              /home/yama/GCCToolchain/arm-2013.11/bin/../lib/gcc/arm-none-eabi/4.8.1/../../../../arm-none-eabi/lib/thumb2/libc.a(lib_a-stdio.o) (_write_r)
/home/yama/GCCToolchain/arm-2013.11/bin/../lib/gcc/arm-none-eabi/4.8.1/../../../../arm-none-eabi/lib/thumb2/libc.a(lib_a-closer.o)
                              /home/yama/GCCToolchain/arm-2013.11/bin/../lib/gcc/arm-none-eabi/4.8.1/../../../../arm-none-eabi/lib/thumb2/libc.a(lib_a-stdio.o) (_close_r)
/home/yama/GCCToolchain/arm-2013.11/bin/../lib/gcc/arm-none-eabi/4.8.1/../../../../arm-none-eabi/lib/thumb2/libc.a(lib_a-fclose.o)
                              /home/yama/GCCToolchain/arm-2013.11/bin/../lib/gcc/arm-none-eabi/4.8.1/../../../../arm-none-eabi/lib/thumb2/libc.a(lib_a-findfp.o) (fclose)
/home/yama/GCCToolchain/arm-2013.11/bin/../lib/gcc/arm-none-eabi/4.8.1/../../../../arm-none-eabi/lib/thumb2/libc.a(lib_a-fflush.o)
                              /home/yama/GCCToolchain/arm-2013.11/bin/../lib/gcc/arm-none-eabi/4.8.1/../../../../arm-none-eabi/lib/thumb2/libc.a(lib_a-fclose.o) (_fflush_r)
/home/yama/GCCToolchain/arm-2013.11/bin/../lib/gcc/arm-none-eabi/4.8.1/../../../../arm-none-eabi/lib/thumb2/libc.a(lib_a-freer.o)
[...]
Memory Configuration

Name             Origin             Length             Attributes
RAM              0x20000000         0x00020000         xrw
CCMRAM           0x10000000         0x00010000         xrw
FLASH            0x08000000         0x00100000         xr
FLASHB1          0x00000000         0x00000000         xr
EXTMEMB0         0x00000000         0x00000000         xr
EXTMEMB1         0x00000000         0x00000000         xr
EXTMEMB2         0x00000000         0x00000000         xr
EXTMEMB3         0x00000000         0x00000000         xr
MEMORY_ARRAY     0x20002000         0x00000020         xrw
*default*        0x00000000         0xffffffff

Linker script and memory map

LOAD ./src/console/console_serial_traffic.o
LOAD ./src/main.o
LOAD ./hardware/src/stm32f4-hal/stm32f4xx_hal.o
LOAD ./hardware/src/stm32f4-hal/stm32f4xx_hal_cortex.o
LOAD ./hardware/src/stm32f4-hal/stm32f4xx_hal_dfsdm.o
LOAD ./hardware/src/stm32f4-hal/stm32f4xx_hal_flash.o
LOAD ./hardware/src/stm32f4-hal/stm32f4xx_hal_gpio.o
LOAD ./hardware/src/stm32f4-hal/stm32f4xx_hal_iwdg.o
LOAD ./hardware/src/stm32f4-hal/stm32f4xx_hal_pwr.o
LOAD ./hardware/src/stm32f4-hal/stm32f4xx_hal_rcc.o
LOAD ./hardware/src/newlib/_cxx.o
LOAD ./hardware/src/newlib/_exit.o
LOAD ./hardware/src/newlib/_sbrk.o
LOAD ./hardware/src/newlib/_startup.o
LOAD ./hardware/src/newlib/_syscalls.o
LOAD ./hardware/src/newlib/assert.o
LOAD ./hardware/src/diag/Trace.o
LOAD ./hardware/src/diag/trace_impl.o
LOAD ./hardware/src/cortexm/_initialize_hardware.o
LOAD ./hardware/src/cortexm/_reset_hardware.o
LOAD ./hardware/src/cortexm/exception_handlers.o
LOAD ./hardware/src/cmsis/system_stm32f4xx.o
LOAD ./hardware/src/cmsis/vectors_stm32f407xx.o
LOAD ./hardware/include/arm/_initialize_hardware.o
LOAD ./hardware/include/arm/_write.o
LOAD ./hardware/include/arm/stm32f4xx_hal_msp.o
LOAD /home/yama/GCCToolchain/arm-2013.11/bin/../lib/gcc/arm-none-eabi/4.8.1/../../../../arm-none-eabi/lib/thumb2/libstdc++.a
LOAD /home/yama/GCCToolchain/arm-2013.11/bin/../lib/gcc/arm-none-eabi/4.8.1/../../../../arm-none-eabi/lib/thumb2/libm.a
START GROUP
LOAD /home/yama/GCCToolchain/arm-2013.11/bin/../lib/gcc/arm-none-eabi/4.8.1/thumb2/libgcc.a
LOAD /home/yama/GCCToolchain/arm-2013.11/bin/../lib/gcc/arm-none-eabi/4.8.1/../../../../arm-none-eabi/lib/thumb2/libc.a
END GROUP
                0x20020000                __stack = (ORIGIN (RAM) + 0x20000)
                0x20020000                _estack = __stack
                0x00000400                __Main_Stack_Size = 0x400
                0x00000400                PROVIDE (_Main_Stack_Size, __Main_Stack_Size)
                0x2001fc00                __Main_Stack_Limit = (__stack - __Main_Stack_Size)
                0x2001fc00                PROVIDE (_Main_Stack_Limit, __Main_Stack_Limit)
                0x00000100                _Minimum_Stack_Size = 0x100
                0x2000077c                PROVIDE (_Heap_Begin, _end_noinit)
                0x2001fc00                PROVIDE (_Heap_Limit, (__stack - __Main_Stack_Size))

.isr_vector     0x08000000      0x45c
 FILL mask 0xff
                0x08000000                __vectors_start = ABSOLUTE (.)
                0x08000000                __vectors_start__ = ABSOLUTE (.)
 *(.isr_vector)
 .isr_vector    0x08000000      0x188 ./hardware/src/cmsis/vectors_stm32f407xx.o
                0x08000000                __isr_vectors
 *(.cfmconfig)
 *(.after_vectors .after_vectors.*)
 .after_vectors
                0x08000188      0x184 ./hardware/src/newlib/_startup.o
                0x08000188                _start
 .after_vectors
                0x0800030c      0x14c ./hardware/src/cortexm/exception_handlers.o
                0x0800030c                Reset_Handler
                0x08000314                NMI_Handler
                0x08000318                HardFault_Handler
                0x0800032c                HardFault_Handler_C
                0x080003a0                MemManage_Handler
                0x080003a4                BusFault_Handler
                0x080003b8                BusFault_Handler_C
                0x080003f0                UsageFault_Handler
                0x08000404                UsageFault_Handler_C
                0x0800043c                SVC_Handler
                0x08000440                DebugMon_Handler
                0x08000444                PendSV_Handler
                0x08000448                SysTick_Handler
 .after_vectors
                0x08000458        0x4 ./hardware/src/cmsis/vectors_stm32f407xx.o
                0x08000458                RTC_Alarm_IRQHandler
                0x08000458                HASH_RNG_IRQHandler
                0x08000458                EXTI2_IRQHandler
                0x08000458                TIM8_CC_IRQHandler
                0x08000458                TIM1_CC_IRQHandler
                0x08000458                DMA2_Stream5_IRQHandler
                0x08000458                DMA1_Stream5_IRQHandler
                0x08000458                PVD_IRQHandler
                0x08000458                SDIO_IRQHandler
                0x08000458                TAMP_STAMP_IRQHandler
                0x08000458                CAN2_RX1_IRQHandler
                0x08000458                EXTI3_IRQHandler
                0x08000458                TIM8_TRG_COM_TIM14_IRQHandler
                0x08000458                TIM1_UP_TIM10_IRQHandler
                0x08000458                TIM8_UP_TIM13_IRQHandler
                0x08000458                I2C3_ER_IRQHandler
                0x08000458                EXTI0_IRQHandler
                0x08000458                I2C2_EV_IRQHandler
                0x08000458                DMA1_Stream2_IRQHandler
                0x08000458                CAN1_RX0_IRQHandler
                0x08000458                FPU_IRQHandler
                0x08000458                OTG_HS_WKUP_IRQHandler
                0x08000458                CAN2_SCE_IRQHandler
                0x08000458                DMA2_Stream2_IRQHandler
                0x08000458                SPI1_IRQHandler
                0x08000458                TIM6_DAC_IRQHandler
                0x08000458                TIM1_BRK_TIM9_IRQHandler
                0x08000458                DCMI_IRQHandler
                0x08000458                CAN2_RX0_IRQHandler
                0x08000458                DMA2_Stream3_IRQHandler
                0x08000458                USART6_IRQHandler
                0x08000458                USART3_IRQHandler
                0x08000458                CAN1_RX1_IRQHandler
                0x08000458                UART5_IRQHandler
                0x08000458                DMA2_Stream0_IRQHandler
                0x08000458                TIM4_IRQHandler
                0x08000458                I2C1_EV_IRQHandler
                0x08000458                DMA1_Stream6_IRQHandler
                0x08000458                DMA1_Stream1_IRQHandler
                0x08000458                UART4_IRQHandler
                0x08000458                TIM3_IRQHandler
                0x08000458                RCC_IRQHandler
                0x08000458                TIM8_BRK_TIM12_IRQHandler
                0x08000458                Default_Handler
                0x08000458                EXTI15_10_IRQHandler
                0x08000458                ADC_IRQHandler
                0x08000458                DMA1_Stream7_IRQHandler
                0x08000458                TIM7_IRQHandler
                0x08000458                CAN2_TX_IRQHandler
                0x08000458                TIM5_IRQHandler
                0x08000458                DMA2_Stream7_IRQHandler
                0x08000458                I2C3_EV_IRQHandler
                0x08000458                EXTI9_5_IRQHandler
                0x08000458                RTC_WKUP_IRQHandler
                0x08000458                ETH_WKUP_IRQHandler
                0x08000458                SPI2_IRQHandler
                0x08000458                OTG_HS_EP1_IN_IRQHandler
                0x08000458                DMA1_Stream0_IRQHandler
                0x08000458                CAN1_TX_IRQHandler
                0x08000458                EXTI4_IRQHandler
                0x08000458                ETH_IRQHandler
                0x08000458                OTG_HS_EP1_OUT_IRQHandler
                0x08000458                WWDG_IRQHandler
                0x08000458                TIM2_IRQHandler
                0x08000458                OTG_FS_WKUP_IRQHandler
                0x08000458                TIM1_TRG_COM_TIM11_IRQHandler
                0x08000458                OTG_HS_IRQHandler
                0x08000458                EXTI1_IRQHandler
                0x08000458                USART2_IRQHandler
                0x08000458                I2C2_ER_IRQHandler
                0x08000458                DMA2_Stream1_IRQHandler
                0x08000458                CAN1_SCE_IRQHandler
                0x08000458                FLASH_IRQHandler
                0x08000458                DMA2_Stream4_IRQHandler
                0x08000458                USART1_IRQHandler
                0x08000458                OTG_FS_IRQHandler
                0x08000458                SPI3_IRQHandler
                0x08000458                DMA1_Stream4_IRQHandler
                0x08000458                I2C1_ER_IRQHandler
                0x08000458                FMC_IRQHandler
                0x08000458                DMA2_Stream6_IRQHandler
                0x08000458                DMA1_Stream3_IRQHandler

.inits          0x0800045c       0x28
                0x0800045c                __data_regions_array_start = .
                0x0800045c        0x4 LONG 0x80080c0 LOADADDR (.data)
                0x08000460        0x4 LONG 0x20000000 ADDR (.data)
                0x08000464        0x4 LONG 0x20000590 (ADDR (.data) + SIZEOF (.data))
                0x08000468        0x4 LONG 0x80080c0 LOADADDR (.data_CCMRAM)
                0x0800046c        0x4 LONG 0x10000000 ADDR (.data_CCMRAM)
                0x08000470        0x4 LONG 0x10000000 (ADDR (.data_CCMRAM) + SIZEOF (.data_CCMRAM))
                0x08000474                __data_regions_array_end = .
                0x08000474                __bss_regions_array_start = .
                0x08000474        0x4 LONG 0x20000590 ADDR (.bss)
                0x08000478        0x4 LONG 0x2000077c (ADDR (.bss) + SIZEOF (.bss))
                0x0800047c        0x4 LONG 0x10000000 ADDR (.bss_CCMRAM)
                0x08000480        0x4 LONG 0x10000000 (ADDR (.bss_CCMRAM) + SIZEOF (.bss_CCMRAM))
                0x08000484                __bss_regions_array_end = .
 *(.init)
 *(.fini)
                0x08000484                . = ALIGN (0x4)
                0x08000484                PROVIDE (__preinit_array_start, .)
 *(.preinit_array_sysinit .preinit_array_sysinit.*)
 *(.preinit_array_platform .preinit_array_platform.*)
 *(.preinit_array .preinit_array.*)
                0x08000484                PROVIDE (__preinit_array_end, .)
                0x08000484                . = ALIGN (0x4)
                0x08000484                PROVIDE (__init_array_start, .)
 *(SORT(.init_array.*))
 *(.init_array)
                0x08000484                PROVIDE (__init_array_end, .)
                0x08000484                . = ALIGN (0x4)
                0x08000484                PROVIDE (__fini_array_start, .)
 *(SORT(.fini_array.*))
 *(.fini_array)
                0x08000484                PROVIDE (__fini_array_end, .)

.flashtext
 *(.flashtext .flashtext.*)

.text           0x08000488     0x7c30
 *(.text .text.*)
 .text.main     0x08000488       0x7c ./src/main.o
                0x08000488                main
 .text.HAL_MspInit
                0x08000504        0x4 ./hardware/src/stm32f4-hal/stm32f4xx_hal.o
                0x08000504                HAL_MspInit
 .text.HAL_InitTick
                0x08000508       0x30 ./hardware/src/stm32f4-hal/stm32f4xx_hal.o
                0x08000508                HAL_InitTick
 .text.HAL_Init
                0x08000538       0x38 ./hardware/src/stm32f4-hal/stm32f4xx_hal.o
                0x08000538                HAL_Init
 .text.HAL_GetTick
                0x08000570        0xc ./hardware/src/stm32f4-hal/stm32f4xx_hal.o
                0x08000570                HAL_GetTick
 .text.HAL_NVIC_SetPriorityGrouping
                0x0800057c       0x3c ./hardware/src/stm32f4-hal/stm32f4xx_hal_cortex.o
                0x0800057c                HAL_NVIC_SetPriorityGrouping
 .text.HAL_NVIC_SetPriority
                0x080005b8       0x90 ./hardware/src/stm32f4-hal/stm32f4xx_hal_cortex.o
                0x080005b8                HAL_NVIC_SetPriority
 .text.HAL_SYSTICK_Config
                0x08000648       0x30 ./hardware/src/stm32f4-hal/stm32f4xx_hal_cortex.o
                0x08000648                HAL_SYSTICK_Config
 .text.HAL_SYSTICK_CLKSourceConfig
                0x08000678       0x38 ./hardware/src/stm32f4-hal/stm32f4xx_hal_cortex.o
                0x08000678                HAL_SYSTICK_CLKSourceConfig
 .text.HAL_GPIO_Init
                0x080006b0      0x3bc ./hardware/src/stm32f4-hal/stm32f4xx_hal_gpio.o
                0x080006b0                HAL_GPIO_Init
 .text.HAL_GPIO_WritePin
                0x08000a6c       0x3c ./hardware/src/stm32f4-hal/stm32f4xx_hal_gpio.o
                0x08000a6c                HAL_GPIO_WritePin
 .text.HAL_RCC_OscConfig
                0x08000aa8      0x544 ./hardware/src/stm32f4-hal/stm32f4xx_hal_rcc.o
                0x08000aa8                HAL_RCC_OscConfig
 .text.HAL_RCC_GetSysClockFreq
                0x08000fec       0xa0 ./hardware/src/stm32f4-hal/stm32f4xx_hal_rcc.o
                0x08000fec                HAL_RCC_GetSysClockFreq
 .text.HAL_RCC_ClockConfig
                0x0800108c      0x2e8 ./hardware/src/stm32f4-hal/stm32f4xx_hal_rcc.o
                0x0800108c                HAL_RCC_ClockConfig
 .text.HAL_RCC_GetHCLKFreq
                0x08001374        0xc ./hardware/src/stm32f4-hal/stm32f4xx_hal_rcc.o
                0x08001374                HAL_RCC_GetHCLKFreq
 .text.abort    0x08001380       0x14 ./hardware/src/newlib/_exit.o
                0x08001380                abort
 .text._sbrk    0x08001394       0x5c ./hardware/src/newlib/_sbrk.o
                0x08001394                _sbrk
 .text._exit    0x080013f0       0x24 ./hardware/src/newlib/_syscalls.o
                0x080013f0                _exit
 .text.initialise_monitor_handles
                0x08001414       0xdc ./hardware/src/newlib/_syscalls.o
                0x08001414                initialise_monitor_handles
 .text.__initialize_args
                0x080014f0      0x104 ./hardware/src/newlib/_syscalls.o
                0x080014f0                __initialize_args
 .text.assert_failed
                0x080015f4       0x18 ./hardware/src/newlib/assert.o
                0x080015f4                assert_failed
 .text.trace_printf
                0x0800160c       0x3c ./hardware/src/diag/Trace.o
                0x0800160c                trace_printf
 .text.trace_puts
                0x08001648       0x20 ./hardware/src/diag/Trace.o
                0x08001648                trace_puts
 .text._trace_write_semihosting_debug
                0x08001668       0x60 ./hardware/src/diag/trace_impl.o
 .text.trace_write
                0x080016c8        0x8 ./hardware/src/diag/trace_impl.o
                0x080016c8                trace_write
 .text.__initialize_hardware_early
                0x080016d0       0x1c ./hardware/src/cortexm/_initialize_hardware.o
                0x080016d0                __initialize_hardware_early
 .text.dumpExceptionStack
                0x080016ec      0x118 ./hardware/src/cortexm/exception_handlers.o
                0x080016ec                dumpExceptionStack
 .text.isSemihosting
                0x08001804      0x100 ./hardware/src/cortexm/exception_handlers.o
                0x08001804                isSemihosting
 .text.SystemInit
                0x08001904       0x44 ./hardware/src/cmsis/system_stm32f4xx.o
                0x08001904                SystemInit
 .text.SystemCoreClockUpdate
                0x08001948       0xdc ./hardware/src/cmsis/system_stm32f4xx.o
                0x08001948                SystemCoreClockUpdate
 .text.SystemClock_Config
                0x08001a24       0xa0 ./hardware/include/arm/_initialize_hardware.o
                0x08001a24                SystemClock_Config
 .text.__initialize_hardware
                0x08001ac4       0x10 ./hardware/include/arm/_initialize_hardware.o
                0x08001ac4                __initialize_hardware
 .text          0x08001ad4        0xc /home/yama/GCCToolchain/arm-2013.11/bin/../lib/gcc/arm-none-eabi/4.8.1/../../../../arm-none-eabi/lib/thumb2/libc.a(lib_a-errno.o)
                0x08001ad4                __errno
 .text          0x08001ae0      0x570 /home/yama/GCCToolchain/arm-2013.11/bin/../lib/gcc/arm-none-eabi/4.8.1/../../../../arm-none-eabi/lib/thumb2/libc.a(lib_a-mallocr.o)
                0x08001ae0                _malloc_r
 .text          0x08002050       0xa0 /home/yama/GCCToolchain/arm-2013.11/bin/../lib/gcc/arm-none-eabi/4.8.1/../../../../arm-none-eabi/lib/thumb2/libc.a(lib_a-memset.o)
                0x08002050                memset
 .text          0x080020f0        0x8 /home/yama/GCCToolchain/arm-2013.11/bin/../lib/gcc/arm-none-eabi/4.8.1/../../../../arm-none-eabi/lib/thumb2/libc.a(lib_a-mlock.o)
                0x080020f0                __malloc_lock
                0x080020f4                __malloc_unlock
 .text          0x080020f8       0x28 /home/yama/GCCToolchain/arm-2013.11/bin/../lib/gcc/arm-none-eabi/4.8.1/../../../../arm-none-eabi/lib/thumb2/libc.a(lib_a-sbrkr.o)
                0x080020f8                _sbrk_r
 .text          0x08002120      0x23c /home/yama/GCCToolchain/arm-2013.11/bin/../lib/gcc/arm-none-eabi/4.8.1/../../../../arm-none-eabi/lib/thumb2/libc.a(lib_a-strcmp.o)
                0x08002120                strcmp
 .text          0x0800235c       0x60 /home/yama/GCCToolchain/arm-2013.11/bin/../lib/gcc/arm-none-eabi/4.8.1/../../../../arm-none-eabi/lib/thumb2/libc.a(lib_a-strlen.o)
                0x0800235c                strlen
 .text          0x080023bc       0x7c /home/yama/GCCToolchain/arm-2013.11/bin/../lib/gcc/arm-none-eabi/4.8.1/../../../../arm-none-eabi/lib/thumb2/libc.a(lib_a-vsnprintf.o)
                0x080023bc                _vsnprintf_r
                0x08002414                vsnprintf
 .text          0x08002438      0x23c /home/yama/GCCToolchain/arm-2013.11/bin/../lib/gcc/arm-none-eabi/4.8.1/../../../../arm-none-eabi/lib/thumb2/libc.a(lib_a-freer.o)
                0x08002438                _malloc_trim_r
                0x080024dc                _free_r
 .text          0x08002674     0x14b4 /home/yama/GCCToolchain/arm-2013.11/bin/../lib/gcc/arm-none-eabi/4.8.1/../../../../arm-none-eabi/lib/thumb2/libc.a(lib_a-svfprintf.o)
                0x08002674                _svfprintf_r
 .text          0x08003b28     0x10d8 /home/yama/GCCToolchain/arm-2013.11/bin/../lib/gcc/arm-none-eabi/4.8.1/../../../../arm-none-eabi/lib/thumb2/libc.a(lib_a-dtoa.o)
                0x08003c74                _dtoa_r
 .text          0x08004c00       0x9c /home/yama/GCCToolchain/arm-2013.11/bin/../lib/gcc/arm-none-eabi/4.8.1/../../../../arm-none-eabi/lib/thumb2/libc.a(lib_a-locale.o)
                0x08004c00                _setlocale_r
                0x08004c54                __locale_charset
                0x08004c60                __locale_mb_cur_max
                0x08004c6c                __locale_msgcharset
                0x08004c74                __locale_cjk_lang
                0x08004c78                _localeconv_r
                0x08004c80                setlocale
                0x08004c94                localeconv
 .text          0x08004c9c       0x20 /home/yama/GCCToolchain/arm-2013.11/bin/../lib/gcc/arm-none-eabi/4.8.1/../../../../arm-none-eabi/lib/thumb2/libc.a(lib_a-malloc.o)
                0x08004c9c                malloc
                0x08004cac                free
 .text          0x08004cbc       0x90 /home/yama/GCCToolchain/arm-2013.11/bin/../lib/gcc/arm-none-eabi/4.8.1/../../../../arm-none-eabi/lib/thumb2/libc.a(lib_a-memchr-stub.o)
                0x08004cbc                memchr
 .text          0x08004d4c       0xa8 /home/yama/GCCToolchain/arm-2013.11/bin/../lib/gcc/arm-none-eabi/4.8.1/../../../../arm-none-eabi/lib/thumb2/libc.a(lib_a-memcpy-stub.o)
                0x08004d4c                memcpy
 .text          0x08004df4      0x938 /home/yama/GCCToolchain/arm-2013.11/bin/../lib/gcc/arm-none-eabi/4.8.1/../../../../arm-none-eabi/lib/thumb2/libc.a(lib_a-mprec.o)
                0x08004df4                _Balloc
                0x08004e60                _Bfree
                0x08004e98                __multadd
                0x08004f24                __s2b
                0x08004fbc                __hi0bits
                0x08004ff8                __lo0bits
                0x08005050                __i2b
                0x08005064                __multiply
                0x080051a4                __pow5mult
                0x0800525c                __lshift
                0x08005314                __mcmp
                0x08005358                __mdiff
                0x08005444                __ulp
                0x08005488                __b2d
                0x08005534                __d2b
                0x080055f0                __ratio
                0x08005650                _mprec_log10
                0x08005684                __copybits
                0x080056cc                __any_on
 .text          0x0800572c       0x50 /home/yama/GCCToolchain/arm-2013.11/bin/../lib/gcc/arm-none-eabi/4.8.1/../../../../arm-none-eabi/lib/thumb2/libc.a(lib_a-s_fpclassify.o)
                0x0800572c                __fpclassifyd
 .text          0x0800577c      0xbe0 /home/yama/GCCToolchain/arm-2013.11/bin/../lib/gcc/arm-none-eabi/4.8.1/../../../../arm-none-eabi/lib/thumb2/libc.a(lib_a-svfiprintf.o)
                0x0800577c                __ssprint_r
                0x08005880                _svfiprintf_r
 .text          0x0800635c       0x64 /home/yama/GCCToolchain/arm-2013.11/bin/../lib/gcc/arm-none-eabi/4.8.1/../../../../arm-none-eabi/lib/thumb2/libc.a(lib_a-callocr.o)
                0x0800635c                _calloc_r
 .text          0x080063c0       0xd0 /home/yama/GCCToolchain/arm-2013.11/bin/../lib/gcc/arm-none-eabi/4.8.1/../../../../arm-none-eabi/lib/thumb2/libc.a(lib_a-memmove.o)
                0x080063c0                memmove
 .text          0x08006490      0x3ec /home/yama/GCCToolchain/arm-2013.11/bin/../lib/gcc/arm-none-eabi/4.8.1/../../../../arm-none-eabi/lib/thumb2/libc.a(lib_a-reallocr.o)
                0x08006490                _realloc_r
 *fill*         0x0800687c        0x4 
 .text          0x08006880      0x278 /home/yama/GCCToolchain/arm-2013.11/bin/../lib/gcc/arm-none-eabi/4.8.1/thumb2/libgcc.a(_udivsi3.o)
                0x08006880                __udivsi3
                0x08006880                __aeabi_uidiv
                0x08006adc                __aeabi_uidivmod
 .text          0x08006af8        0x4 /home/yama/GCCToolchain/arm-2013.11/bin/../lib/gcc/arm-none-eabi/4.8.1/thumb2/libgcc.a(_dvmd_tls.o)
                0x08006af8                __aeabi_ldiv0
                0x08006af8                __aeabi_idiv0
 .text          0x08006afc      0x370 /home/yama/GCCToolchain/arm-2013.11/bin/../lib/gcc/arm-none-eabi/4.8.1/thumb2/libgcc.a(_arm_addsubdf3.o)
                0x08006afc                __aeabi_drsub
                0x08006b04                __aeabi_dsub
                0x08006b04                __subdf3
                0x08006b08                __adddf3
                0x08006b08                __aeabi_dadd
                0x08006d80                __aeabi_ui2d
                0x08006d80                __floatunsidf
                0x08006da0                __floatsidf
                0x08006da0                __aeabi_i2d
                0x08006dc4                __extendsfdf2
                0x08006dc4                __aeabi_f2d
                0x08006e00                __aeabi_ul2d
                0x08006e00                __floatundidf
                0x08006e10                __floatdidf
                0x08006e10                __aeabi_l2d
 .text          0x08006e6c      0x424 /home/yama/GCCToolchain/arm-2013.11/bin/../lib/gcc/arm-none-eabi/4.8.1/thumb2/libgcc.a(_arm_muldivdf3.o)
                0x08006e6c                __aeabi_dmul
                0x08006e6c                __muldf3
                0x080070c0                __aeabi_ddiv
                0x080070c0                __divdf3
 .text          0x08007290      0x110 /home/yama/GCCToolchain/arm-2013.11/bin/../lib/gcc/arm-none-eabi/4.8.1/thumb2/libgcc.a(_arm_cmpdf2.o)
                0x08007290                __gtdf2
                0x08007290                __gedf2
                0x08007298                __ltdf2
                0x08007298                __ledf2
                0x080072a0                __cmpdf2
                0x080072a0                __eqdf2
                0x080072a0                __nedf2
                0x0800731c                __aeabi_cdrcmple
                0x0800732c                __aeabi_cdcmple
                0x0800732c                __aeabi_cdcmpeq
                0x0800733c                __aeabi_dcmpeq
                0x08007350                __aeabi_dcmplt
                0x08007364                __aeabi_dcmple
                0x08007378                __aeabi_dcmpge
                0x0800738c                __aeabi_dcmpgt
 .text          0x080073a0       0x50 /home/yama/GCCToolchain/arm-2013.11/bin/../lib/gcc/arm-none-eabi/4.8.1/thumb2/libgcc.a(_arm_fixdfsi.o)
                0x080073a0                __fixdfsi
                0x080073a0                __aeabi_d2iz
 .text          0x080073f0       0x2c /home/yama/GCCToolchain/arm-2013.11/bin/../lib/gcc/arm-none-eabi/4.8.1/thumb2/libgcc.a(_aeabi_uldivmod.o)
                0x080073f0                __aeabi_uldivmod
 .text          0x0800741c       0x60 /home/yama/GCCToolchain/arm-2013.11/bin/../lib/gcc/arm-none-eabi/4.8.1/thumb2/libgcc.a(bpabi.o)
                0x0800741c                __gnu_ldivmod_helper
                0x0800744c                __gnu_uldivmod_helper
 .text          0x0800747c      0x354 /home/yama/GCCToolchain/arm-2013.11/bin/../lib/gcc/arm-none-eabi/4.8.1/thumb2/libgcc.a(_divdi3.o)
                0x0800747c                __divdi3
 .text          0x080077d0      0x300 /home/yama/GCCToolchain/arm-2013.11/bin/../lib/gcc/arm-none-eabi/4.8.1/thumb2/libgcc.a(_udivdi3.o)
                0x080077d0                __udivdi3
 *(.rodata .rodata.* .constdata .constdata.*)
 .rodata.str1.4
                0x08007ad0       0x33 ./hardware/src/stm32f4-hal/stm32f4xx_hal_cortex.o
                                 0x34 (size before relaxing)
 *fill*         0x08007b03        0x1 
 .rodata.str1.4
                0x08007b04       0x31 ./hardware/src/stm32f4-hal/stm32f4xx_hal_gpio.o
                                 0x34 (size before relaxing)
 *fill*         0x08007b35        0x3 
 .rodata.APBAHBPrescTable
                0x08007b38       0x10 ./hardware/src/stm32f4-hal/stm32f4xx_hal_rcc.o
                0x08007b38                APBAHBPrescTable
 .rodata.str1.4
                0x08007b48       0x30 ./hardware/src/stm32f4-hal/stm32f4xx_hal_rcc.o
 .rodata.str1.4
                0x08007b78       0x14 ./hardware/src/newlib/_exit.o
 .rodata.str1.4
                0x08007b8c        0x9 ./hardware/src/newlib/_syscalls.o
                                  0xc (size before relaxing)
 *fill*         0x08007b95        0x3 
 .rodata.str1.4
                0x08007b98       0x6b ./hardware/src/newlib/assert.o
                                 0x70 (size before relaxing)
 *fill*         0x08007c03        0x1 
 .rodata.str1.4
                0x08007c04       0x29 ./hardware/src/diag/Trace.o
                                 0x30 (size before relaxing)
 *fill*         0x08007c2d        0x3 
 .rodata.str1.4
                0x08007c30      0x146 ./hardware/src/cortexm/exception_handlers.o
                                0x14c (size before relaxing)
 *fill*         0x08007d76        0x2 
 .rodata.AHBPrescTable
                0x08007d78       0x10 ./hardware/src/cmsis/system_stm32f4xx.o
                0x08007d78                AHBPrescTable
 .rodata        0x08007d88      0x104 /home/yama/GCCToolchain/arm-2013.11/bin/../lib/gcc/arm-none-eabi/4.8.1/../../../../arm-none-eabi/lib/thumb2/libc.a(lib_a-ctype_.o)
                0x08007d88                _ctype_
 .rodata        0x08007e8c       0x60 /home/yama/GCCToolchain/arm-2013.11/bin/../lib/gcc/arm-none-eabi/4.8.1/../../../../arm-none-eabi/lib/thumb2/libc.a(lib_a-findfp.o)
                0x08007e8c                __sf_fake_stderr
                0x08007eac                __sf_fake_stdout
                0x08007ecc                __sf_fake_stdin
 .rodata.str1.4
                0x08007eec        0x2 /home/yama/GCCToolchain/arm-2013.11/bin/../lib/gcc/arm-none-eabi/4.8.1/../../../../arm-none-eabi/lib/thumb2/libc.a(lib_a-impure.o)
                                  0x4 (size before relaxing)
 *fill*         0x08007eee        0x2 
 .rodata        0x08007ef0       0x20 /home/yama/GCCToolchain/arm-2013.11/bin/../lib/gcc/arm-none-eabi/4.8.1/../../../../arm-none-eabi/lib/thumb2/libc.a(lib_a-svfprintf.o)
 .rodata.str1.4
                0x08007f10       0x42 /home/yama/GCCToolchain/arm-2013.11/bin/../lib/gcc/arm-none-eabi/4.8.1/../../../../arm-none-eabi/lib/thumb2/libc.a(lib_a-svfprintf.o)
                                 0x44 (size before relaxing)
 *fill*         0x08007f52        0x2 
 .rodata.str1.4
                0x08007f54       0x10 /home/yama/GCCToolchain/arm-2013.11/bin/../lib/gcc/arm-none-eabi/4.8.1/../../../../arm-none-eabi/lib/thumb2/libc.a(lib_a-dtoa.o)
                                 0x14 (size before relaxing)
 .rodata.str1.4
                0x08007f64        0xc /home/yama/GCCToolchain/arm-2013.11/bin/../lib/gcc/arm-none-eabi/4.8.1/../../../../arm-none-eabi/lib/thumb2/libc.a(lib_a-locale.o)
                                 0x14 (size before relaxing)
 .rodata        0x08007f70      0x128 /home/yama/GCCToolchain/arm-2013.11/bin/../lib/gcc/arm-none-eabi/4.8.1/../../../../arm-none-eabi/lib/thumb2/libc.a(lib_a-mprec.o)
                0x08007f80                __mprec_tens
                0x08008048                __mprec_tinytens
                0x08008070                __mprec_bigtens
 .rodata        0x08008098       0x20 /home/yama/GCCToolchain/arm-2013.11/bin/../lib/gcc/arm-none-eabi/4.8.1/../../../../arm-none-eabi/lib/thumb2/libc.a(lib_a-svfiprintf.o)
 .rodata.str1.4
                0x00000000       0x30 /home/yama/GCCToolchain/arm-2013.11/bin/../lib/gcc/arm-none-eabi/4.8.1/../../../../arm-none-eabi/lib/thumb2/libc.a(lib_a-svfiprintf.o)
 *(vtable)
 *(.eh_frame*)
 *(.glue_7)
 .glue_7        0x00000000        0x0 linker stubs
 *(.glue_7t)
 .glue_7t       0x00000000        0x0 linker stubs

.vfp11_veneer   0x080080b8        0x0
 .vfp11_veneer  0x00000000        0x0 linker stubs

.v4_bx          0x080080b8        0x0
 .v4_bx         0x00000000        0x0 linker stubs

.iplt           0x080080b8        0x0
 .iplt          0x00000000        0x0 ./src/console/console_serial_traffic.o

.ARM.extab
 *(.ARM.extab* .gnu.linkonce.armextab.*)
                0x080080b8                . = ALIGN (0x4)
                0x080080b8                __exidx_start = .

.ARM.exidx      0x080080b8        0x8
 *(.ARM.exidx* .gnu.linkonce.armexidx.*)
 .ARM.exidx     0x080080b8        0x8 /home/yama/GCCToolchain/arm-2013.11/bin/../lib/gcc/arm-none-eabi/4.8.1/thumb2/libgcc.a(_divdi3.o)
 .ARM.exidx     0x080080c0        0x0 /home/yama/GCCToolchain/arm-2013.11/bin/../lib/gcc/arm-none-eabi/4.8.1/thumb2/libgcc.a(_udivdi3.o)
                                  0x8 (size before relaxing)
                0x080080c0                __exidx_end = .

.rel.dyn        0x080080c0        0x0
 .rel.iplt      0x00000000        0x0 ./src/console/console_serial_traffic.o
                0x080080c0                . = ALIGN (0x4)
                0x080080c0                _etext = .
                0x080080c0                __etext = .

.data_CCMRAM    0x10000000        0x0 load address 0x080080c0
 FILL mask 0xff
 *(.data.CCMRAM .data.CCMRAM.*)
                0x10000000                . = ALIGN (0x4)
                0x080080c0                _sidata = LOADADDR (.data)

.data           0x20000000      0x590 load address 0x080080c0
 FILL mask 0xff
                0x20000000                _sdata = .
                0x20000000                __data_start__ = .
 *(.data_begin .data_begin.*)
 .data_begin    0x20000000        0x4 ./hardware/src/newlib/_startup.o
 *(.data .data.*)
 .data.SystemCoreClock
                0x20000004        0x4 ./hardware/src/cmsis/system_stm32f4xx.o
                0x20000004                SystemCoreClock
 .data          0x20000008        0x4 /home/yama/GCCToolchain/arm-2013.11/bin/../lib/gcc/arm-none-eabi/4.8.1/../../../../arm-none-eabi/lib/thumb2/libc.a(lib_a-ctype_.o)
                0x20000008                __ctype_ptr__
 .data          0x2000000c       0xf4 /home/yama/GCCToolchain/arm-2013.11/bin/../lib/gcc/arm-none-eabi/4.8.1/../../../../arm-none-eabi/lib/thumb2/libc.a(lib_a-impure.o)
                0x2000000c                _impure_ptr
 .data          0x20000100      0x410 /home/yama/GCCToolchain/arm-2013.11/bin/../lib/gcc/arm-none-eabi/4.8.1/../../../../arm-none-eabi/lib/thumb2/libc.a(lib_a-mallocr.o)
                0x20000100                __malloc_av_
                0x20000508                __malloc_sbrk_base
                0x2000050c                __malloc_trim_threshold
 .data          0x20000510       0x7c /home/yama/GCCToolchain/arm-2013.11/bin/../lib/gcc/arm-none-eabi/4.8.1/../../../../arm-none-eabi/lib/thumb2/libc.a(lib_a-locale.o)
                0x20000530                __mb_cur_max
 *(.data_end .data_end.*)
 .data_end      0x2000058c        0x4 ./hardware/src/newlib/_startup.o
                0x20000590                . = ALIGN (0x4)
                0x20000590                _edata = .
                0x20000590                __data_end__ = .

.igot.plt       0x20000590        0x0 load address 0x08008650
 .igot.plt      0x00000000        0x0 ./src/console/console_serial_traffic.o

.bss_CCMRAM     0x10000000        0x0
 *(.bss.CCMRAM .bss.CCMRAM.*)

.bss            0x20000590      0x1ec
                0x20000590                __bss_start__ = .
                0x20000590                _sbss = .
 *(.bss_begin .bss_begin.*)
 .bss_begin     0x20000590        0x4 ./hardware/src/newlib/_startup.o
 *(.bss .bss.*)
 .bss.current_heap_end.4295
                0x20000594        0x4 ./hardware/src/newlib/_sbrk.o
 .bss.monitor_stdout
                0x20000598        0x4 ./hardware/src/newlib/_syscalls.o
 .bss.args_buf.5811
                0x2000059c       0x50 ./hardware/src/newlib/_syscalls.o
 .bss.monitor_stdin
                0x200005ec        0x4 ./hardware/src/newlib/_syscalls.o
 .bss.monitor_stderr
                0x200005f0        0x4 ./hardware/src/newlib/_syscalls.o
 .bss.openfiles
                0x200005f4       0xa0 ./hardware/src/newlib/_syscalls.o
 .bss.argv_buf.5812
                0x20000694       0x28 ./hardware/src/newlib/_syscalls.o
 .bss.buf.5380  0x200006bc       0x80 ./hardware/src/diag/Trace.o
 .bss           0x2000073c       0x34 /home/yama/GCCToolchain/arm-2013.11/bin/../lib/gcc/arm-none-eabi/4.8.1/../../../../arm-none-eabi/lib/thumb2/libc.a(lib_a-mallocr.o)
                0x2000073c                __malloc_top_pad
                0x20000740                __malloc_current_mallinfo
                0x20000768                __malloc_max_sbrked_mem
                0x2000076c                __malloc_max_total_mem
 *(COMMON)
 COMMON         0x20000770        0x4 ./hardware/src/stm32f4-hal/stm32f4xx_hal.o
                0x20000770                uwTick
 COMMON         0x20000774        0x4 ./hardware/src/newlib/_syscalls.o
                0x20000774                errno
 *(.bss_end .bss_end.*)
 .bss_end       0x20000778        0x4 ./hardware/src/newlib/_startup.o
                0x2000077c                . = ALIGN (0x4)
                0x2000077c                __bss_end__ = .
                0x2000077c                _ebss = .

.noinit_CCMRAM
 *(.noinit.CCMRAM .noinit.CCMRAM.*)

.noinit         0x2000077c        0x0
                0x2000077c                _noinit = .
 *(.noinit .noinit.*)
                0x2000077c                . = ALIGN (0x4)
                0x2000077c                _end_noinit = .
                0x2000077c                PROVIDE (end, _end_noinit)
                0x2000077c                PROVIDE (_end, _end_noinit)
                0x2000077c                PROVIDE (__end, _end_noinit)
                0x2000077c                PROVIDE (__end__, _end_noinit)

._check_stack   0x2000077c      0x100
                0x2000087c                . = (. + _Minimum_Stack_Size)
 *fill*         0x2000077c      0x100 

.b1text
 *(.b1text)
 *(.b1rodata)
 *(.b1rodata.*)

.eb0text
 *(.eb0text)
 *(.eb0rodata)
 *(.eb0rodata.*)

.eb1text
 *(.eb1text)
 *(.eb1rodata)
 *(.eb1rodata.*)

.eb2text
 *(.eb2text)
 *(.eb2rodata)
 *(.eb2rodata.*)

.eb3text
 *(.eb3text)
 *(.eb3rodata)
 *(.eb3rodata.*)

.stab
 *(.stab)

.stabstr
 *(.stabstr)

.stab.excl
 *(.stab.excl)

.stab.exclstr
 *(.stab.exclstr)

.stab.index
 *(.stab.index)

.stab.indexstr
 *(.stab.indexstr)

.comment        0x00000000       0x30
 *(.comment)
 .comment       0x00000000       0x30 ./src/main.o
                                 0x31 (size before relaxing)
 .comment       0x00000000       0x31 ./hardware/src/stm32f4-hal/stm32f4xx_hal.o
 .comment       0x00000000       0x31 ./hardware/src/stm32f4-hal/stm32f4xx_hal_cortex.o
 .comment       0x00000000       0x31 ./hardware/src/stm32f4-hal/stm32f4xx_hal_gpio.o
 .comment       0x00000000       0x31 ./hardware/src/stm32f4-hal/stm32f4xx_hal_rcc.o
 .comment       0x00000000       0x31 ./hardware/src/newlib/_exit.o
 .comment       0x00000000       0x31 ./hardware/src/newlib/_sbrk.o
 .comment       0x00000000       0x31 ./hardware/src/newlib/_startup.o
 .comment       0x00000000       0x31 ./hardware/src/newlib/_syscalls.o
 .comment       0x00000000       0x31 ./hardware/src/newlib/assert.o
 .comment       0x00000000       0x31 ./hardware/src/diag/Trace.o
 .comment       0x00000000       0x31 ./hardware/src/diag/trace_impl.o
 .comment       0x00000000       0x31 ./hardware/src/cortexm/_initialize_hardware.o
 .comment       0x00000000       0x31 ./hardware/src/cortexm/exception_handlers.o
 .comment       0x00000000       0x31 ./hardware/src/cmsis/system_stm32f4xx.o
 .comment       0x00000000       0x31 ./hardware/src/cmsis/vectors_stm32f407xx.o
 .comment       0x00000000       0x31 ./hardware/include/arm/_initialize_hardware.o

.ARM.attributes
                0x00000000       0x31
 .ARM.attributes
                0x00000000       0x33 ./src/main.o
 .ARM.attributes
                0x00000033       0x33 ./hardware/src/stm32f4-hal/stm32f4xx_hal.o
 .ARM.attributes
                0x00000066       0x33 ./hardware/src/stm32f4-hal/stm32f4xx_hal_cortex.o
 .ARM.attributes
                0x00000099       0x33 ./hardware/src/stm32f4-hal/stm32f4xx_hal_gpio.o
 .ARM.attributes
                0x000000cc       0x33 ./hardware/src/stm32f4-hal/stm32f4xx_hal_rcc.o
 .ARM.attributes
                0x000000ff       0x33 ./hardware/src/newlib/_exit.o
 .ARM.attributes
                0x00000132       0x33 ./hardware/src/newlib/_sbrk.o
 .ARM.attributes
                0x00000165       0x33 ./hardware/src/newlib/_startup.o
 .ARM.attributes
                0x00000198       0x33 ./hardware/src/newlib/_syscalls.o
 .ARM.attributes
                0x000001cb       0x33 ./hardware/src/newlib/assert.o
 .ARM.attributes
                0x000001fe       0x33 ./hardware/src/diag/Trace.o
 .ARM.attributes
                0x00000231       0x33 ./hardware/src/diag/trace_impl.o
 .ARM.attributes
                0x00000264       0x33 ./hardware/src/cortexm/_initialize_hardware.o
 .ARM.attributes
                0x00000297       0x33 ./hardware/src/cortexm/exception_handlers.o
 .ARM.attributes
                0x000002ca       0x33 ./hardware/src/cmsis/system_stm32f4xx.o
 .ARM.attributes
                0x000002fd       0x33 ./hardware/src/cmsis/vectors_stm32f407xx.o
 .ARM.attributes
                0x00000330       0x33 ./hardware/include/arm/_initialize_hardware.o
 .ARM.attributes
                0x00000363       0x29 /home/yama/GCCToolchain/arm-2013.11/bin/../lib/gcc/arm-none-eabi/4.8.1/../../../../arm-none-eabi/lib/thumb2/libc.a(lib_a-ctype_.o)
 .ARM.attributes
                0x0000038c       0x29 /home/yama/GCCToolchain/arm-2013.11/bin/../lib/gcc/arm-none-eabi/4.8.1/../../../../arm-none-eabi/lib/thumb2/libc.a(lib_a-errno.o)
 .ARM.attributes
                0x000003b5       0x29 /home/yama/GCCToolchain/arm-2013.11/bin/../lib/gcc/arm-none-eabi/4.8.1/../../../../arm-none-eabi/lib/thumb2/libc.a(lib_a-findfp.o)
 .ARM.attributes
                0x000003de       0x29 /home/yama/GCCToolchain/arm-2013.11/bin/../lib/gcc/arm-none-eabi/4.8.1/../../../../arm-none-eabi/lib/thumb2/libc.a(lib_a-impure.o)
 .ARM.attributes
                0x00000407       0x29 /home/yama/GCCToolchain/arm-2013.11/bin/../lib/gcc/arm-none-eabi/4.8.1/../../../../arm-none-eabi/lib/thumb2/libc.a(lib_a-mallocr.o)
 .ARM.attributes
                0x00000430       0x29 /home/yama/GCCToolchain/arm-2013.11/bin/../lib/gcc/arm-none-eabi/4.8.1/../../../../arm-none-eabi/lib/thumb2/libc.a(lib_a-memset.o)
 .ARM.attributes
                0x00000459       0x29 /home/yama/GCCToolchain/arm-2013.11/bin/../lib/gcc/arm-none-eabi/4.8.1/../../../../arm-none-eabi/lib/thumb2/libc.a(lib_a-mlock.o)
 .ARM.attributes
                0x00000482       0x29 /home/yama/GCCToolchain/arm-2013.11/bin/../lib/gcc/arm-none-eabi/4.8.1/../../../../arm-none-eabi/lib/thumb2/libc.a(lib_a-sbrkr.o)
 .ARM.attributes
                0x000004ab       0x17 /home/yama/GCCToolchain/arm-2013.11/bin/../lib/gcc/arm-none-eabi/4.8.1/../../../../arm-none-eabi/lib/thumb2/libc.a(lib_a-strcmp.o)
 .ARM.attributes
                0x000004c2       0x29 /home/yama/GCCToolchain/arm-2013.11/bin/../lib/gcc/arm-none-eabi/4.8.1/../../../../arm-none-eabi/lib/thumb2/libc.a(lib_a-strlen.o)
 .ARM.attributes
                0x000004eb       0x29 /home/yama/GCCToolchain/arm-2013.11/bin/../lib/gcc/arm-none-eabi/4.8.1/../../../../arm-none-eabi/lib/thumb2/libc.a(lib_a-vsnprintf.o)
 .ARM.attributes
                0x00000514       0x29 /home/yama/GCCToolchain/arm-2013.11/bin/../lib/gcc/arm-none-eabi/4.8.1/../../../../arm-none-eabi/lib/thumb2/libc.a(lib_a-freer.o)
 .ARM.attributes
                0x0000053d       0x29 /home/yama/GCCToolchain/arm-2013.11/bin/../lib/gcc/arm-none-eabi/4.8.1/../../../../arm-none-eabi/lib/thumb2/libc.a(lib_a-svfprintf.o)
 .ARM.attributes
                0x00000566       0x29 /home/yama/GCCToolchain/arm-2013.11/bin/../lib/gcc/arm-none-eabi/4.8.1/../../../../arm-none-eabi/lib/thumb2/libc.a(lib_a-dtoa.o)
 .ARM.attributes
                0x0000058f       0x29 /home/yama/GCCToolchain/arm-2013.11/bin/../lib/gcc/arm-none-eabi/4.8.1/../../../../arm-none-eabi/lib/thumb2/libc.a(lib_a-locale.o)
 .ARM.attributes
                0x000005b8       0x29 /home/yama/GCCToolchain/arm-2013.11/bin/../lib/gcc/arm-none-eabi/4.8.1/../../../../arm-none-eabi/lib/thumb2/libc.a(lib_a-malloc.o)
 .ARM.attributes
                0x000005e1       0x29 /home/yama/GCCToolchain/arm-2013.11/bin/../lib/gcc/arm-none-eabi/4.8.1/../../../../arm-none-eabi/lib/thumb2/libc.a(lib_a-memchr-stub.o)
 .ARM.attributes
                0x0000060a       0x29 /home/yama/GCCToolchain/arm-2013.11/bin/../lib/gcc/arm-none-eabi/4.8.1/../../../../arm-none-eabi/lib/thumb2/libc.a(lib_a-memcpy-stub.o)
 .ARM.attributes
                0x00000633       0x29 /home/yama/GCCToolchain/arm-2013.11/bin/../lib/gcc/arm-none-eabi/4.8.1/../../../../arm-none-eabi/lib/thumb2/libc.a(lib_a-mprec.o)
 .ARM.attributes
                0x0000065c       0x29 /home/yama/GCCToolchain/arm-2013.11/bin/../lib/gcc/arm-none-eabi/4.8.1/../../../../arm-none-eabi/lib/thumb2/libc.a(lib_a-s_fpclassify.o)
 .ARM.attributes
                0x00000685       0x29 /home/yama/GCCToolchain/arm-2013.11/bin/../lib/gcc/arm-none-eabi/4.8.1/../../../../arm-none-eabi/lib/thumb2/libc.a(lib_a-svfiprintf.o)
 .ARM.attributes
                0x000006ae       0x29 /home/yama/GCCToolchain/arm-2013.11/bin/../lib/gcc/arm-none-eabi/4.8.1/../../../../arm-none-eabi/lib/thumb2/libc.a(lib_a-callocr.o)
 .ARM.attributes
                0x000006d7       0x29 /home/yama/GCCToolchain/arm-2013.11/bin/../lib/gcc/arm-none-eabi/4.8.1/../../../../arm-none-eabi/lib/thumb2/libc.a(lib_a-memmove.o)
 .ARM.attributes
                0x00000700       0x29 /home/yama/GCCToolchain/arm-2013.11/bin/../lib/gcc/arm-none-eabi/4.8.1/../../../../arm-none-eabi/lib/thumb2/libc.a(lib_a-reallocr.o)
 .ARM.attributes
                0x00000729       0x19 /home/yama/GCCToolchain/arm-2013.11/bin/../lib/gcc/arm-none-eabi/4.8.1/thumb2/libgcc.a(_udivsi3.o)
 .ARM.attributes
                0x00000742       0x19 /home/yama/GCCToolchain/arm-2013.11/bin/../lib/gcc/arm-none-eabi/4.8.1/thumb2/libgcc.a(_dvmd_tls.o)
 .ARM.attributes
                0x0000075b       0x19 /home/yama/GCCToolchain/arm-2013.11/bin/../lib/gcc/arm-none-eabi/4.8.1/thumb2/libgcc.a(_arm_addsubdf3.o)
 .ARM.attributes
                0x00000774       0x19 /home/yama/GCCToolchain/arm-2013.11/bin/../lib/gcc/arm-none-eabi/4.8.1/thumb2/libgcc.a(_arm_muldivdf3.o)
 .ARM.attributes
                0x0000078d       0x19 /home/yama/GCCToolchain/arm-2013.11/bin/../lib/gcc/arm-none-eabi/4.8.1/thumb2/libgcc.a(_arm_cmpdf2.o)
 .ARM.attributes
                0x000007a6       0x19 /home/yama/GCCToolchain/arm-2013.11/bin/../lib/gcc/arm-none-eabi/4.8.1/thumb2/libgcc.a(_arm_fixdfsi.o)
 .ARM.attributes
                0x000007bf       0x19 /home/yama/GCCToolchain/arm-2013.11/bin/../lib/gcc/arm-none-eabi/4.8.1/thumb2/libgcc.a(_aeabi_uldivmod.o)
 .ARM.attributes
                0x000007d8       0x29 /home/yama/GCCToolchain/arm-2013.11/bin/../lib/gcc/arm-none-eabi/4.8.1/thumb2/libgcc.a(bpabi.o)
 .ARM.attributes
                0x00000801       0x29 /home/yama/GCCToolchain/arm-2013.11/bin/../lib/gcc/arm-none-eabi/4.8.1/thumb2/libgcc.a(_divdi3.o)
 .ARM.attributes
                0x0000082a       0x29 /home/yama/GCCToolchain/arm-2013.11/bin/../lib/gcc/arm-none-eabi/4.8.1/thumb2/libgcc.a(_udivdi3.o)

.debug
 *(.debug)

.line
 *(.line)

.debug_srcinfo
 *(.debug_srcinfo)

.debug_sfnames
 *(.debug_sfnames)

.debug_aranges  0x00000000      0x5b8
 *(.debug_aranges)
 .debug_aranges
                0x00000000       0x20 ./src/main.o
 .debug_aranges
                0x00000020       0xc0 ./hardware/src/stm32f4-hal/stm32f4xx_hal.o
 .debug_aranges
                0x000000e0       0x98 ./hardware/src/stm32f4-hal/stm32f4xx_hal_cortex.o
 .debug_aranges
                0x00000178       0x58 ./hardware/src/stm32f4-hal/stm32f4xx_hal_gpio.o
 .debug_aranges
                0x000001d0       0x88 ./hardware/src/stm32f4-hal/stm32f4xx_hal_rcc.o
 .debug_aranges
                0x00000258       0x28 ./hardware/src/newlib/_exit.o
 .debug_aranges
                0x00000280       0x20 ./hardware/src/newlib/_sbrk.o
 .debug_aranges
                0x000002a0       0x40 ./hardware/src/newlib/_startup.o
 .debug_aranges
                0x000002e0      0x120 ./hardware/src/newlib/_syscalls.o
 .debug_aranges
                0x00000400       0x28 ./hardware/src/newlib/assert.o
 .debug_aranges
                0x00000428       0x38 ./hardware/src/diag/Trace.o
 .debug_aranges
                0x00000460       0x30 ./hardware/src/diag/trace_impl.o
 .debug_aranges
                0x00000490       0x28 ./hardware/src/cortexm/_initialize_hardware.o
 .debug_aranges
                0x000004b8       0x90 ./hardware/src/cortexm/exception_handlers.o
 .debug_aranges
                0x00000548       0x28 ./hardware/src/cmsis/system_stm32f4xx.o
 .debug_aranges
                0x00000570       0x20 ./hardware/src/cmsis/vectors_stm32f407xx.o
 .debug_aranges
                0x00000590       0x28 ./hardware/include/arm/_initialize_hardware.o

.debug_pubnames
 *(.debug_pubnames)

.debug_info     0x00000000     0x7a0f
 *(.debug_info .gnu.linkonce.wi.*)
 .debug_info    0x00000000      0x419 ./src/main.o
 .debug_info    0x00000419      0x907 ./hardware/src/stm32f4-hal/stm32f4xx_hal.o
 .debug_info    0x00000d20     0x10fb ./hardware/src/stm32f4-hal/stm32f4xx_hal_cortex.o
 .debug_info    0x00001e1b      0x859 ./hardware/src/stm32f4-hal/stm32f4xx_hal_gpio.o
 .debug_info    0x00002674      0xf3a ./hardware/src/stm32f4-hal/stm32f4xx_hal_rcc.o
 .debug_info    0x000035ae      0x100 ./hardware/src/newlib/_exit.o
 .debug_info    0x000036ae      0x125 ./hardware/src/newlib/_sbrk.o
 .debug_info    0x000037d3      0x512 ./hardware/src/newlib/_startup.o
 .debug_info    0x00003ce5     0x1e56 ./hardware/src/newlib/_syscalls.o
 .debug_info    0x00005b3b      0x1cb ./hardware/src/newlib/assert.o
 .debug_info    0x00005d06      0x32b ./hardware/src/diag/Trace.o
 .debug_info    0x00006031      0x309 ./hardware/src/diag/trace_impl.o
 .debug_info    0x0000633a      0x2a2 ./hardware/src/cortexm/_initialize_hardware.o
 .debug_info    0x000065dc      0x98d ./hardware/src/cortexm/exception_handlers.o
 .debug_info    0x00006f69      0x48f ./hardware/src/cmsis/system_stm32f4xx.o
 .debug_info    0x000073f8       0xd1 ./hardware/src/cmsis/vectors_stm32f407xx.o
 .debug_info    0x000074c9      0x546 ./hardware/include/arm/_initialize_hardware.o

.debug_abbrev   0x00000000     0x1e07
 *(.debug_abbrev)
 .debug_abbrev  0x00000000      0x16d ./src/main.o
 .debug_abbrev  0x0000016d      0x25b ./hardware/src/stm32f4-hal/stm32f4xx_hal.o
 .debug_abbrev  0x000003c8      0x2fc ./hardware/src/stm32f4-hal/stm32f4xx_hal_cortex.o
 .debug_abbrev  0x000006c4      0x218 ./hardware/src/stm32f4-hal/stm32f4xx_hal_gpio.o
 .debug_abbrev  0x000008dc      0x31e ./hardware/src/stm32f4-hal/stm32f4xx_hal_rcc.o
 .debug_abbrev  0x00000bfa       0xa4 ./hardware/src/newlib/_exit.o
 .debug_abbrev  0x00000c9e       0xbb ./hardware/src/newlib/_sbrk.o
 .debug_abbrev  0x00000d59      0x1f3 ./hardware/src/newlib/_startup.o
 .debug_abbrev  0x00000f4c      0x419 ./hardware/src/newlib/_syscalls.o
 .debug_abbrev  0x00001365       0xc9 ./hardware/src/newlib/assert.o
 .debug_abbrev  0x0000142e      0x178 ./hardware/src/diag/Trace.o
 .debug_abbrev  0x000015a6      0x1b6 ./hardware/src/diag/trace_impl.o
 .debug_abbrev  0x0000175c       0xea ./hardware/src/cortexm/_initialize_hardware.o
 .debug_abbrev  0x00001846      0x271 ./hardware/src/cortexm/exception_handlers.o
 .debug_abbrev  0x00001ab7      0x104 ./hardware/src/cmsis/system_stm32f4xx.o
 .debug_abbrev  0x00001bbb       0x9d ./hardware/src/cmsis/vectors_stm32f407xx.o
 .debug_abbrev  0x00001c58      0x1af ./hardware/include/arm/_initialize_hardware.o

.debug_line     0x00000000     0x8c2a
 *(.debug_line)
 .debug_line    0x00000000      0xb75 ./src/main.o
 .debug_line    0x00000b75      0xba1 ./hardware/src/stm32f4-hal/stm32f4xx_hal.o
 .debug_line    0x00001716      0xcc2 ./hardware/src/stm32f4-hal/stm32f4xx_hal_cortex.o
 .debug_line    0x000023d8      0xc34 ./hardware/src/stm32f4-hal/stm32f4xx_hal_gpio.o
 .debug_line    0x0000300c      0xe2b ./hardware/src/stm32f4-hal/stm32f4xx_hal_rcc.o
 .debug_line    0x00003e37      0x299 ./hardware/src/newlib/_exit.o
 .debug_line    0x000040d0      0x21e ./hardware/src/newlib/_sbrk.o
 .debug_line    0x000042ee      0x2de ./hardware/src/newlib/_startup.o
 .debug_line    0x000045cc      0x815 ./hardware/src/newlib/_syscalls.o
 .debug_line    0x00004de1      0x2b4 ./hardware/src/newlib/assert.o
 .debug_line    0x00005095      0x367 ./hardware/src/diag/Trace.o
 .debug_line    0x000053fc      0xaf7 ./hardware/src/diag/trace_impl.o
 .debug_line    0x00005ef3      0xa45 ./hardware/src/cortexm/_initialize_hardware.o
 .debug_line    0x00006938      0xc4e ./hardware/src/cortexm/exception_handlers.o
 .debug_line    0x00007586      0xa45 ./hardware/src/cmsis/system_stm32f4xx.o
 .debug_line    0x00007fcb      0x211 ./hardware/src/cmsis/vectors_stm32f407xx.o
 .debug_line    0x000081dc      0xa4e ./hardware/include/arm/_initialize_hardware.o

.debug_frame    0x00000000     0x15dc
 *(.debug_frame)
 .debug_frame   0x00000000       0x28 ./src/main.o
 .debug_frame   0x00000028      0x184 ./hardware/src/stm32f4-hal/stm32f4xx_hal.o
 .debug_frame   0x000001ac      0x17c ./hardware/src/stm32f4-hal/stm32f4xx_hal_cortex.o
 .debug_frame   0x00000328       0xf0 ./hardware/src/stm32f4-hal/stm32f4xx_hal_gpio.o
 .debug_frame   0x00000418      0x130 ./hardware/src/stm32f4-hal/stm32f4xx_hal_rcc.o
 .debug_frame   0x00000548       0x38 ./hardware/src/newlib/_exit.o
 .debug_frame   0x00000580       0x28 ./hardware/src/newlib/_sbrk.o
 .debug_frame   0x000005a8       0x7c ./hardware/src/newlib/_startup.o
 .debug_frame   0x00000624      0x38c ./hardware/src/newlib/_syscalls.o
 .debug_frame   0x000009b0       0x44 ./hardware/src/newlib/assert.o
 .debug_frame   0x000009f4       0x80 ./hardware/src/diag/Trace.o
 .debug_frame   0x00000a74       0x5c ./hardware/src/diag/trace_impl.o
 .debug_frame   0x00000ad0       0x40 ./hardware/src/cortexm/_initialize_hardware.o
 .debug_frame   0x00000b10      0x160 ./hardware/src/cortexm/exception_handlers.o
 .debug_frame   0x00000c70       0x30 ./hardware/src/cmsis/system_stm32f4xx.o
 .debug_frame   0x00000ca0       0x20 ./hardware/src/cmsis/vectors_stm32f407xx.o
 .debug_frame   0x00000cc0       0x44 ./hardware/include/arm/_initialize_hardware.o
 .debug_frame   0x00000d04       0x20 /home/yama/GCCToolchain/arm-2013.11/bin/../lib/gcc/arm-none-eabi/4.8.1/../../../../arm-none-eabi/lib/thumb2/libc.a(lib_a-errno.o)
 .debug_frame   0x00000d24      0x110 /home/yama/GCCToolchain/arm-2013.11/bin/../lib/gcc/arm-none-eabi/4.8.1/../../../../arm-none-eabi/lib/thumb2/libc.a(lib_a-findfp.o)
 .debug_frame   0x00000e34       0x38 /home/yama/GCCToolchain/arm-2013.11/bin/../lib/gcc/arm-none-eabi/4.8.1/../../../../arm-none-eabi/lib/thumb2/libc.a(lib_a-mallocr.o)
 .debug_frame   0x00000e6c       0x2c /home/yama/GCCToolchain/arm-2013.11/bin/../lib/gcc/arm-none-eabi/4.8.1/../../../../arm-none-eabi/lib/thumb2/libc.a(lib_a-memset.o)
 .debug_frame   0x00000e98       0x30 /home/yama/GCCToolchain/arm-2013.11/bin/../lib/gcc/arm-none-eabi/4.8.1/../../../../arm-none-eabi/lib/thumb2/libc.a(lib_a-mlock.o)
 .debug_frame   0x00000ec8       0x2c /home/yama/GCCToolchain/arm-2013.11/bin/../lib/gcc/arm-none-eabi/4.8.1/../../../../arm-none-eabi/lib/thumb2/libc.a(lib_a-sbrkr.o)
 .debug_frame   0x00000ef4       0x20 /home/yama/GCCToolchain/arm-2013.11/bin/../lib/gcc/arm-none-eabi/4.8.1/../../../../arm-none-eabi/lib/thumb2/libc.a(lib_a-strlen.o)
 .debug_frame   0x00000f14       0x54 /home/yama/GCCToolchain/arm-2013.11/bin/../lib/gcc/arm-none-eabi/4.8.1/../../../../arm-none-eabi/lib/thumb2/libc.a(lib_a-vsnprintf.o)
 .debug_frame   0x00000f68       0x50 /home/yama/GCCToolchain/arm-2013.11/bin/../lib/gcc/arm-none-eabi/4.8.1/../../../../arm-none-eabi/lib/thumb2/libc.a(lib_a-freer.o)
 .debug_frame   0x00000fb8       0x3c /home/yama/GCCToolchain/arm-2013.11/bin/../lib/gcc/arm-none-eabi/4.8.1/../../../../arm-none-eabi/lib/thumb2/libc.a(lib_a-svfprintf.o)
 .debug_frame   0x00000ff4       0x64 /home/yama/GCCToolchain/arm-2013.11/bin/../lib/gcc/arm-none-eabi/4.8.1/../../../../arm-none-eabi/lib/thumb2/libc.a(lib_a-dtoa.o)
 .debug_frame   0x00001058       0x98 /home/yama/GCCToolchain/arm-2013.11/bin/../lib/gcc/arm-none-eabi/4.8.1/../../../../arm-none-eabi/lib/thumb2/libc.a(lib_a-locale.o)
 .debug_frame   0x000010f0       0x30 /home/yama/GCCToolchain/arm-2013.11/bin/../lib/gcc/arm-none-eabi/4.8.1/../../../../arm-none-eabi/lib/thumb2/libc.a(lib_a-malloc.o)
 .debug_frame   0x00001120       0x2c /home/yama/GCCToolchain/arm-2013.11/bin/../lib/gcc/arm-none-eabi/4.8.1/../../../../arm-none-eabi/lib/thumb2/libc.a(lib_a-memchr-stub.o)
 .debug_frame   0x0000114c       0x2c /home/yama/GCCToolchain/arm-2013.11/bin/../lib/gcc/arm-none-eabi/4.8.1/../../../../arm-none-eabi/lib/thumb2/libc.a(lib_a-memcpy-stub.o)
 .debug_frame   0x00001178      0x244 /home/yama/GCCToolchain/arm-2013.11/bin/../lib/gcc/arm-none-eabi/4.8.1/../../../../arm-none-eabi/lib/thumb2/libc.a(lib_a-mprec.o)
 .debug_frame   0x000013bc       0x20 /home/yama/GCCToolchain/arm-2013.11/bin/../lib/gcc/arm-none-eabi/4.8.1/../../../../arm-none-eabi/lib/thumb2/libc.a(lib_a-s_fpclassify.o)
 .debug_frame   0x000013dc       0x64 /home/yama/GCCToolchain/arm-2013.11/bin/../lib/gcc/arm-none-eabi/4.8.1/../../../../arm-none-eabi/lib/thumb2/libc.a(lib_a-svfiprintf.o)
 .debug_frame   0x00001440       0x28 /home/yama/GCCToolchain/arm-2013.11/bin/../lib/gcc/arm-none-eabi/4.8.1/../../../../arm-none-eabi/lib/thumb2/libc.a(lib_a-callocr.o)
 .debug_frame   0x00001468       0x2c /home/yama/GCCToolchain/arm-2013.11/bin/../lib/gcc/arm-none-eabi/4.8.1/../../../../arm-none-eabi/lib/thumb2/libc.a(lib_a-memmove.o)
 .debug_frame   0x00001494       0x38 /home/yama/GCCToolchain/arm-2013.11/bin/../lib/gcc/arm-none-eabi/4.8.1/../../../../arm-none-eabi/lib/thumb2/libc.a(lib_a-reallocr.o)
 .debug_frame   0x000014cc       0x20 /home/yama/GCCToolchain/arm-2013.11/bin/../lib/gcc/arm-none-eabi/4.8.1/thumb2/libgcc.a(_udivsi3.o)
 .debug_frame   0x000014ec       0x28 /home/yama/GCCToolchain/arm-2013.11/bin/../lib/gcc/arm-none-eabi/4.8.1/thumb2/libgcc.a(_aeabi_uldivmod.o)
 .debug_frame   0x00001514       0x58 /home/yama/GCCToolchain/arm-2013.11/bin/../lib/gcc/arm-none-eabi/4.8.1/thumb2/libgcc.a(bpabi.o)
 .debug_frame   0x0000156c       0x38 /home/yama/GCCToolchain/arm-2013.11/bin/../lib/gcc/arm-none-eabi/4.8.1/thumb2/libgcc.a(_divdi3.o)
 .debug_frame   0x000015a4       0x38 /home/yama/GCCToolchain/arm-2013.11/bin/../lib/gcc/arm-none-eabi/4.8.1/thumb2/libgcc.a(_udivdi3.o)

.debug_str      0x00000000    0x9a744
 *(.debug_str)
 .debug_str     0x00000000    0x96c22 ./src/main.o
                              0x96ec0 (size before relaxing)
 .debug_str     0x00096c22      0x9fa ./hardware/src/stm32f4-hal/stm32f4xx_hal.o
                              0x9571e (size before relaxing)
 .debug_str     0x0009761c      0x385 ./hardware/src/stm32f4-hal/stm32f4xx_hal_cortex.o
                              0x95580 (size before relaxing)
 .debug_str     0x000979a1      0x23d ./hardware/src/stm32f4-hal/stm32f4xx_hal_gpio.o
                              0x94f91 (size before relaxing)
 .debug_str     0x00097bde      0x395 ./hardware/src/stm32f4-hal/stm32f4xx_hal_rcc.o
                              0x9512f (size before relaxing)
 .debug_str     0x00097f73       0x36 ./hardware/src/newlib/_exit.o
                               0x5509 (size before relaxing)
 .debug_str     0x00097fa9      0x4e0 ./hardware/src/newlib/_sbrk.o
                               0x4ac6 (size before relaxing)
 .debug_str     0x00098489      0x2c3 ./hardware/src/newlib/_startup.o
                               0x3e63 (size before relaxing)
 .debug_str     0x0009874c     0x1b61 ./hardware/src/newlib/_syscalls.o
                               0x92c5 (size before relaxing)
 .debug_str     0x0009a2ad       0x46 ./hardware/src/newlib/assert.o
                               0x5d38 (size before relaxing)
 .debug_str     0x0009a2f3       0x93 ./hardware/src/diag/Trace.o
                               0x73ac (size before relaxing)
 .debug_str     0x0009a386       0x9b ./hardware/src/diag/trace_impl.o
                              0x95ca4 (size before relaxing)
 .debug_str     0x0009a421       0x60 ./hardware/src/cortexm/_initialize_hardware.o
                              0x94c40 (size before relaxing)
 .debug_str     0x0009a481      0x1de ./hardware/src/cortexm/exception_handlers.o
                              0x96cf6 (size before relaxing)
 .debug_str     0x0009a65f       0x48 ./hardware/src/cmsis/system_stm32f4xx.o
                              0x94d1f (size before relaxing)
 .debug_str     0x0009a6a7       0x5b ./hardware/src/cmsis/vectors_stm32f407xx.o
                               0x322b (size before relaxing)
 .debug_str     0x0009a702       0x42 ./hardware/include/arm/_initialize_hardware.o
                              0x94e6c (size before relaxing)

.debug_loc      0x00000000     0x2a51
 *(.debug_loc)
 .debug_loc     0x00000000       0x6a ./src/main.o
 .debug_loc     0x0000006a       0x82 ./hardware/src/stm32f4-hal/stm32f4xx_hal.o
 .debug_loc     0x000000ec      0x555 ./hardware/src/stm32f4-hal/stm32f4xx_hal_cortex.o
 .debug_loc     0x00000641      0x3ff ./hardware/src/stm32f4-hal/stm32f4xx_hal_gpio.o
 .debug_loc     0x00000a40      0x5ad ./hardware/src/stm32f4-hal/stm32f4xx_hal_rcc.o
 .debug_loc     0x00000fed       0x5c ./hardware/src/newlib/_sbrk.o
 .debug_loc     0x00001049      0x363 ./hardware/src/newlib/_startup.o
 .debug_loc     0x000013ac      0xf54 ./hardware/src/newlib/_syscalls.o
 .debug_loc     0x00002300       0xe1 ./hardware/src/newlib/assert.o
 .debug_loc     0x000023e1       0xcd ./hardware/src/diag/Trace.o
 .debug_loc     0x000024ae      0x150 ./hardware/src/diag/trace_impl.o
 .debug_loc     0x000025fe      0x350 ./hardware/src/cortexm/exception_handlers.o
 .debug_loc     0x0000294e      0x103 ./hardware/src/cmsis/system_stm32f4xx.o

.debug_macinfo
 *(.debug_macinfo)

.debug_weaknames
 *(.debug_weaknames)

.debug_funcnames
 *(.debug_funcnames)

.debug_typenames
 *(.debug_typenames)

.debug_varnames
 *(.debug_varnames)
OUTPUT(HAL_WorkStation.elf elf32-littlearm)

.debug_ranges   0x00000000      0x4f0
 .debug_ranges  0x00000000       0x10 ./src/main.o
 .debug_ranges  0x00000010       0xb0 ./hardware/src/stm32f4-hal/stm32f4xx_hal.o
 .debug_ranges  0x000000c0       0x88 ./hardware/src/stm32f4-hal/stm32f4xx_hal_cortex.o
 .debug_ranges  0x00000148       0x48 ./hardware/src/stm32f4-hal/stm32f4xx_hal_gpio.o
 .debug_ranges  0x00000190       0x78 ./hardware/src/stm32f4-hal/stm32f4xx_hal_rcc.o
 .debug_ranges  0x00000208       0x18 ./hardware/src/newlib/_exit.o
 .debug_ranges  0x00000220       0x10 ./hardware/src/newlib/_sbrk.o
 .debug_ranges  0x00000230       0x30 ./hardware/src/newlib/_startup.o
 .debug_ranges  0x00000260      0x140 ./hardware/src/newlib/_syscalls.o
 .debug_ranges  0x000003a0       0x18 ./hardware/src/newlib/assert.o
 .debug_ranges  0x000003b8       0x28 ./hardware/src/diag/Trace.o
 .debug_ranges  0x000003e0       0x20 ./hardware/src/diag/trace_impl.o
 .debug_ranges  0x00000400       0x18 ./hardware/src/cortexm/_initialize_hardware.o
 .debug_ranges  0x00000418       0x98 ./hardware/src/cortexm/exception_handlers.o
 .debug_ranges  0x000004b0       0x18 ./hardware/src/cmsis/system_stm32f4xx.o
 .debug_ranges  0x000004c8       0x10 ./hardware/src/cmsis/vectors_stm32f407xx.o
 .debug_ranges  0x000004d8       0x18 ./hardware/include/arm/_initialize_hardware.o

.debug_macro    0x00000000     0x5089
 .debug_macro   0x00000000      0x550 ./src/main.o
 .debug_macro   0x00000550      0x4be ./hardware/src/stm32f4-hal/stm32f4xx_hal.o
 .debug_macro   0x00000a0e      0x20e ./hardware/src/stm32f4-hal/stm32f4xx_hal.o
 .debug_macro   0x00000c1c       0x35 ./hardware/src/stm32f4-hal/stm32f4xx_hal.o
 .debug_macro   0x00000c51       0x16 ./hardware/src/stm32f4-hal/stm32f4xx_hal.o
 .debug_macro   0x00000c67       0x97 ./hardware/src/stm32f4-hal/stm32f4xx_hal.o
 .debug_macro   0x00000cfe       0xf6 ./hardware/src/stm32f4-hal/stm32f4xx_hal.o
 .debug_macro   0x00000df4       0x5e ./hardware/src/stm32f4-hal/stm32f4xx_hal.o
 .debug_macro   0x00000e52      0x470 ./hardware/src/stm32f4-hal/stm32f4xx_hal_cortex.o
 .debug_macro   0x000012c2      0x4a8 ./hardware/src/stm32f4-hal/stm32f4xx_hal_gpio.o
 .debug_macro   0x0000176a      0x49a ./hardware/src/stm32f4-hal/stm32f4xx_hal_rcc.o
 .debug_macro   0x00001c04      0x126 ./hardware/src/newlib/_exit.o
 .debug_macro   0x00001d2a      0x10e ./hardware/src/newlib/_exit.o
 .debug_macro   0x00001e38       0x86 ./hardware/src/newlib/_exit.o
 .debug_macro   0x00001ebe       0x10 ./hardware/src/newlib/_exit.o
 .debug_macro   0x00001ece       0xda ./hardware/src/newlib/_sbrk.o
 .debug_macro   0x00001fa8       0x10 ./hardware/src/newlib/_sbrk.o
 .debug_macro   0x00001fb8       0x83 ./hardware/src/newlib/_sbrk.o
 .debug_macro   0x0000203b      0x23f ./hardware/src/newlib/_sbrk.o
 .debug_macro   0x0000227a       0xe1 ./hardware/src/newlib/_startup.o
 .debug_macro   0x0000235b      0x898 ./hardware/src/newlib/_startup.o
 .debug_macro   0x00002bf3      0x240 ./hardware/src/newlib/_syscalls.o
 .debug_macro   0x00002e33       0x10 ./hardware/src/newlib/_syscalls.o
 .debug_macro   0x00002e43       0x10 ./hardware/src/newlib/_syscalls.o
 .debug_macro   0x00002e53       0x10 ./hardware/src/newlib/_syscalls.o
 .debug_macro   0x00002e63       0x35 ./hardware/src/newlib/_syscalls.o
 .debug_macro   0x00002e98      0x120 ./hardware/src/newlib/_syscalls.o
 .debug_macro   0x00002fb8      0x18e ./hardware/src/newlib/_syscalls.o
 .debug_macro   0x00003146       0x10 ./hardware/src/newlib/_syscalls.o
 .debug_macro   0x00003156       0x22 ./hardware/src/newlib/_syscalls.o
 .debug_macro   0x00003178      0x245 ./hardware/src/newlib/_syscalls.o
 .debug_macro   0x000033bd       0x16 ./hardware/src/newlib/_syscalls.o
 .debug_macro   0x000033d3       0x3a ./hardware/src/newlib/_syscalls.o
 .debug_macro   0x0000340d       0xae ./hardware/src/newlib/_syscalls.o
 .debug_macro   0x000034bb      0x13a ./hardware/src/newlib/_syscalls.o
 .debug_macro   0x000035f5       0x16 ./hardware/src/newlib/_syscalls.o
 .debug_macro   0x0000360b       0x22 ./hardware/src/newlib/_syscalls.o
 .debug_macro   0x0000362d      0x142 ./hardware/src/newlib/assert.o
 .debug_macro   0x0000376f       0x16 ./hardware/src/newlib/assert.o
 .debug_macro   0x00003785      0x178 ./hardware/src/diag/Trace.o
 .debug_macro   0x000038fd      0x4b6 ./hardware/src/diag/trace_impl.o
 .debug_macro   0x00003db3      0x47a ./hardware/src/cortexm/_initialize_hardware.o
 .debug_macro   0x0000422d      0x502 ./hardware/src/cortexm/exception_handlers.o
 .debug_macro   0x0000472f      0x476 ./hardware/src/cmsis/system_stm32f4xx.o
 .debug_macro   0x00004ba5       0x74 ./hardware/src/cmsis/vectors_stm32f407xx.o
 .debug_macro   0x00004c19      0x470 ./hardware/include/arm/_initialize_hardware.o
