Archive member included to satisfy reference by file (symbol)

/home/yama/Tool/gcc-arm-none-eabi-7-2017-q4-major/bin/../lib/gcc/arm-none-eabi/7.2.1/../../../../arm-none-eabi/lib/thumb/v7e-m/libg.a(lib_a-errno.o)
                              ./hardware/src/newlib/_sbrk.o (__errno)
/home/yama/Tool/gcc-arm-none-eabi-7-2017-q4-major/bin/../lib/gcc/arm-none-eabi/7.2.1/../../../../arm-none-eabi/lib/thumb/v7e-m/libg.a(lib_a-findfp.o)
                              ./hardware/src/newlib/_syscalls.o (__sinit)
/home/yama/Tool/gcc-arm-none-eabi-7-2017-q4-major/bin/../lib/gcc/arm-none-eabi/7.2.1/../../../../arm-none-eabi/lib/thumb/v7e-m/libg.a(lib_a-fwalk.o)
                              /home/yama/Tool/gcc-arm-none-eabi-7-2017-q4-major/bin/../lib/gcc/arm-none-eabi/7.2.1/../../../../arm-none-eabi/lib/thumb/v7e-m/libg.a(lib_a-findfp.o) (_fwalk)
/home/yama/Tool/gcc-arm-none-eabi-7-2017-q4-major/bin/../lib/gcc/arm-none-eabi/7.2.1/../../../../arm-none-eabi/lib/thumb/v7e-m/libg.a(lib_a-impure.o)
                              /home/yama/Tool/gcc-arm-none-eabi-7-2017-q4-major/bin/../lib/gcc/arm-none-eabi/7.2.1/../../../../arm-none-eabi/lib/thumb/v7e-m/libg.a(lib_a-findfp.o) (_global_impure_ptr)
/home/yama/Tool/gcc-arm-none-eabi-7-2017-q4-major/bin/../lib/gcc/arm-none-eabi/7.2.1/../../../../arm-none-eabi/lib/thumb/v7e-m/libg.a(lib_a-locale.o)
                              ./hardware/src/newlib/_syscalls.o (__locale_ctype_ptr)
/home/yama/Tool/gcc-arm-none-eabi-7-2017-q4-major/bin/../lib/gcc/arm-none-eabi/7.2.1/../../../../arm-none-eabi/lib/thumb/v7e-m/libg.a(lib_a-lock.o)
                              /home/yama/Tool/gcc-arm-none-eabi-7-2017-q4-major/bin/../lib/gcc/arm-none-eabi/7.2.1/../../../../arm-none-eabi/lib/thumb/v7e-m/libg.a(lib_a-findfp.o) (__retarget_lock_init_recursive)
/home/yama/Tool/gcc-arm-none-eabi-7-2017-q4-major/bin/../lib/gcc/arm-none-eabi/7.2.1/../../../../arm-none-eabi/lib/thumb/v7e-m/libg.a(lib_a-mallocr.o)
                              /home/yama/Tool/gcc-arm-none-eabi-7-2017-q4-major/bin/../lib/gcc/arm-none-eabi/7.2.1/../../../../arm-none-eabi/lib/thumb/v7e-m/libg.a(lib_a-findfp.o) (_malloc_r)
/home/yama/Tool/gcc-arm-none-eabi-7-2017-q4-major/bin/../lib/gcc/arm-none-eabi/7.2.1/../../../../arm-none-eabi/lib/thumb/v7e-m/libg.a(lib_a-mbtowc_r.o)
                              /home/yama/Tool/gcc-arm-none-eabi-7-2017-q4-major/bin/../lib/gcc/arm-none-eabi/7.2.1/../../../../arm-none-eabi/lib/thumb/v7e-m/libg.a(lib_a-locale.o) (__ascii_mbtowc)
/home/yama/Tool/gcc-arm-none-eabi-7-2017-q4-major/bin/../lib/gcc/arm-none-eabi/7.2.1/../../../../arm-none-eabi/lib/thumb/v7e-m/libg.a(lib_a-memset.o)
                              ./hardware/src/newlib/_syscalls.o (memset)
/home/yama/Tool/gcc-arm-none-eabi-7-2017-q4-major/bin/../lib/gcc/arm-none-eabi/7.2.1/../../../../arm-none-eabi/lib/thumb/v7e-m/libg.a(lib_a-mlock.o)
                              /home/yama/Tool/gcc-arm-none-eabi-7-2017-q4-major/bin/../lib/gcc/arm-none-eabi/7.2.1/../../../../arm-none-eabi/lib/thumb/v7e-m/libg.a(lib_a-mallocr.o) (__malloc_lock)
/home/yama/Tool/gcc-arm-none-eabi-7-2017-q4-major/bin/../lib/gcc/arm-none-eabi/7.2.1/../../../../arm-none-eabi/lib/thumb/v7e-m/libg.a(lib_a-sbrkr.o)
                              /home/yama/Tool/gcc-arm-none-eabi-7-2017-q4-major/bin/../lib/gcc/arm-none-eabi/7.2.1/../../../../arm-none-eabi/lib/thumb/v7e-m/libg.a(lib_a-mallocr.o) (_sbrk_r)
/home/yama/Tool/gcc-arm-none-eabi-7-2017-q4-major/bin/../lib/gcc/arm-none-eabi/7.2.1/../../../../arm-none-eabi/lib/thumb/v7e-m/libg.a(lib_a-stdio.o)
                              /home/yama/Tool/gcc-arm-none-eabi-7-2017-q4-major/bin/../lib/gcc/arm-none-eabi/7.2.1/../../../../arm-none-eabi/lib/thumb/v7e-m/libg.a(lib_a-findfp.o) (__sread)
/home/yama/Tool/gcc-arm-none-eabi-7-2017-q4-major/bin/../lib/gcc/arm-none-eabi/7.2.1/../../../../arm-none-eabi/lib/thumb/v7e-m/libg.a(lib_a-strcmp.o)
                              ./hardware/src/cortexm/exception_handlers.o (strcmp)
/home/yama/Tool/gcc-arm-none-eabi-7-2017-q4-major/bin/../lib/gcc/arm-none-eabi/7.2.1/../../../../arm-none-eabi/lib/thumb/v7e-m/libg.a(lib_a-strlen.o)
                              ./hardware/src/newlib/_syscalls.o (strlen)
/home/yama/Tool/gcc-arm-none-eabi-7-2017-q4-major/bin/../lib/gcc/arm-none-eabi/7.2.1/../../../../arm-none-eabi/lib/thumb/v7e-m/libg.a(lib_a-strncpy.o)
                              ./hardware/src/newlib/_syscalls.o (strncpy)
/home/yama/Tool/gcc-arm-none-eabi-7-2017-q4-major/bin/../lib/gcc/arm-none-eabi/7.2.1/../../../../arm-none-eabi/lib/thumb/v7e-m/libg.a(lib_a-vsnprintf.o)
                              ./src/console/console_serial_traffic.o (vsnprintf)
/home/yama/Tool/gcc-arm-none-eabi-7-2017-q4-major/bin/../lib/gcc/arm-none-eabi/7.2.1/../../../../arm-none-eabi/lib/thumb/v7e-m/libg.a(lib_a-wctomb_r.o)
                              /home/yama/Tool/gcc-arm-none-eabi-7-2017-q4-major/bin/../lib/gcc/arm-none-eabi/7.2.1/../../../../arm-none-eabi/lib/thumb/v7e-m/libg.a(lib_a-locale.o) (__ascii_wctomb)
[...]
Memory Configuration

Name             Origin             Length             Attributes
RAM              0x0000000020000000 0x0000000000020000 xrw
CCMRAM           0x0000000010000000 0x0000000000010000 xrw
FLASH            0x0000000008000000 0x0000000000100000 xr
FLASHB1          0x0000000000000000 0x0000000000000000 xr
EXTMEMB0         0x0000000000000000 0x0000000000000000 xr
EXTMEMB1         0x0000000000000000 0x0000000000000000 xr
EXTMEMB2         0x0000000000000000 0x0000000000000000 xr
EXTMEMB3         0x0000000000000000 0x0000000000000000 xr
MEMORY_ARRAY     0x0000000020002000 0x0000000000000020 xrw
*default*        0x0000000000000000 0xffffffffffffffff

Linker script and memory map

LOAD ./src/console/console_serial_traffic.o
LOAD ./src/main.o
LOAD ./hardware/src/stm32f4-hal/stm32f4xx_hal.o
LOAD ./hardware/src/stm32f4-hal/stm32f4xx_hal_cortex.o
LOAD ./hardware/src/stm32f4-hal/stm32f4xx_hal_dfsdm.o
LOAD ./hardware/src/stm32f4-hal/stm32f4xx_hal_flash.o
LOAD ./hardware/src/stm32f4-hal/stm32f4xx_hal_gpio.o
LOAD ./hardware/src/stm32f4-hal/stm32f4xx_hal_iwdg.o
LOAD ./hardware/src/stm32f4-hal/stm32f4xx_hal_pwr.o
LOAD ./hardware/src/stm32f4-hal/stm32f4xx_hal_rcc.o
LOAD ./hardware/src/newlib/_cxx.o
LOAD ./hardware/src/newlib/_exit.o
LOAD ./hardware/src/newlib/_sbrk.o
LOAD ./hardware/src/newlib/_startup.o
LOAD ./hardware/src/newlib/_syscalls.o
LOAD ./hardware/src/newlib/assert.o
LOAD ./hardware/src/diag/Trace.o
LOAD ./hardware/src/diag/trace_impl.o
LOAD ./hardware/src/cortexm/_initialize_hardware.o
LOAD ./hardware/src/cortexm/_reset_hardware.o
LOAD ./hardware/src/cortexm/exception_handlers.o
LOAD ./hardware/src/cmsis/system_stm32f4xx.o
LOAD ./hardware/src/cmsis/vectors_stm32f407xx.o
LOAD ./hardware/include/arm/_initialize_hardware.o
LOAD ./hardware/include/arm/_write.o
LOAD ./hardware/include/arm/stm32f4xx_hal_msp.o
LOAD /home/yama/Tool/gcc-arm-none-eabi-7-2017-q4-major/bin/../lib/gcc/arm-none-eabi/7.2.1/../../../../arm-none-eabi/lib/thumb/v7e-m/libstdc++.a
LOAD /home/yama/Tool/gcc-arm-none-eabi-7-2017-q4-major/bin/../lib/gcc/arm-none-eabi/7.2.1/../../../../arm-none-eabi/lib/thumb/v7e-m/libm.a
START GROUP
LOAD /home/yama/Tool/gcc-arm-none-eabi-7-2017-q4-major/bin/../lib/gcc/arm-none-eabi/7.2.1/thumb/v7e-m/libgcc.a
LOAD /home/yama/Tool/gcc-arm-none-eabi-7-2017-q4-major/bin/../lib/gcc/arm-none-eabi/7.2.1/../../../../arm-none-eabi/lib/thumb/v7e-m/libg.a
LOAD /home/yama/Tool/gcc-arm-none-eabi-7-2017-q4-major/bin/../lib/gcc/arm-none-eabi/7.2.1/../../../../arm-none-eabi/lib/thumb/v7e-m/libc.a
END GROUP
                0x0000000020020000                __stack = (ORIGIN (RAM) + LENGTH (RAM))
                0x0000000020020000                _estack = __stack
                0x0000000000000400                __Main_Stack_Size = 0x400
                [!provide]                        PROVIDE (_Main_Stack_Size, __Main_Stack_Size)
                0x000000002001fc00                __Main_Stack_Limit = (__stack - __Main_Stack_Size)
                [!provide]                        PROVIDE (_Main_Stack_Limit, __Main_Stack_Limit)
                0x0000000000000100                _Minimum_Stack_Size = 0x100
                0x0000000020000bc8                PROVIDE (_Heap_Begin, _end_noinit)
                0x000000002001fc00                PROVIDE (_Heap_Limit, (__stack - __Main_Stack_Size))

.isr_vector     0x0000000008000000      0x3e8
 FILL mask 0xff
                0x0000000008000000                __vectors_start = ABSOLUTE (.)
                0x0000000008000000                __vectors_start__ = ABSOLUTE (.)
 *(.isr_vector)
 .isr_vector    0x0000000008000000      0x188 ./hardware/src/cmsis/vectors_stm32f407xx.o
                0x0000000008000000                __isr_vectors
 *(.cfmconfig)
 *(.after_vectors .after_vectors.*)
 .after_vectors
                0x0000000008000188      0x130 ./hardware/src/newlib/_startup.o
                0x0000000008000188                _start
 .after_vectors
                0x00000000080002b8      0x12c ./hardware/src/cortexm/exception_handlers.o
                0x00000000080002b8                Reset_Handler
                0x00000000080002be                NMI_Handler
                0x00000000080002c2                HardFault_Handler
                0x00000000080002d6                HardFault_Handler_C
                0x0000000008000334                MemManage_Handler
                0x0000000008000338                BusFault_Handler
                0x000000000800034c                BusFault_Handler_C
                0x0000000008000380                UsageFault_Handler
                0x0000000008000394                UsageFault_Handler_C
                0x00000000080003c8                SVC_Handler
                0x00000000080003cc                DebugMon_Handler
                0x00000000080003d0                PendSV_Handler
                0x00000000080003d4                SysTick_Handler
 .after_vectors
                0x00000000080003e4        0x4 ./hardware/src/cmsis/vectors_stm32f407xx.o
                0x00000000080003e4                RTC_Alarm_IRQHandler
                0x00000000080003e4                HASH_RNG_IRQHandler
                0x00000000080003e4                EXTI2_IRQHandler
                0x00000000080003e4                TIM8_CC_IRQHandler
                0x00000000080003e4                TIM1_CC_IRQHandler
                0x00000000080003e4                DMA2_Stream5_IRQHandler
                0x00000000080003e4                DMA1_Stream5_IRQHandler
                0x00000000080003e4                PVD_IRQHandler
                0x00000000080003e4                SDIO_IRQHandler
                0x00000000080003e4                TAMP_STAMP_IRQHandler
                0x00000000080003e4                CAN2_RX1_IRQHandler
                0x00000000080003e4                EXTI3_IRQHandler
                0x00000000080003e4                TIM8_TRG_COM_TIM14_IRQHandler
                0x00000000080003e4                TIM1_UP_TIM10_IRQHandler
                0x00000000080003e4                TIM8_UP_TIM13_IRQHandler
                0x00000000080003e4                I2C3_ER_IRQHandler
                0x00000000080003e4                EXTI0_IRQHandler
                0x00000000080003e4                I2C2_EV_IRQHandler
                0x00000000080003e4                DMA1_Stream2_IRQHandler
                0x00000000080003e4                CAN1_RX0_IRQHandler
                0x00000000080003e4                FPU_IRQHandler
                0x00000000080003e4                OTG_HS_WKUP_IRQHandler
                0x00000000080003e4                CAN2_SCE_IRQHandler
                0x00000000080003e4                DMA2_Stream2_IRQHandler
                0x00000000080003e4                SPI1_IRQHandler
                0x00000000080003e4                TIM6_DAC_IRQHandler
                0x00000000080003e4                TIM1_BRK_TIM9_IRQHandler
                0x00000000080003e4                DCMI_IRQHandler
                0x00000000080003e4                CAN2_RX0_IRQHandler
                0x00000000080003e4                DMA2_Stream3_IRQHandler
                0x00000000080003e4                USART6_IRQHandler
                0x00000000080003e4                USART3_IRQHandler
                0x00000000080003e4                CAN1_RX1_IRQHandler
                0x00000000080003e4                UART5_IRQHandler
                0x00000000080003e4                DMA2_Stream0_IRQHandler
                0x00000000080003e4                TIM4_IRQHandler
                0x00000000080003e4                I2C1_EV_IRQHandler
                0x00000000080003e4                DMA1_Stream6_IRQHandler
                0x00000000080003e4                DMA1_Stream1_IRQHandler
                0x00000000080003e4                UART4_IRQHandler
                0x00000000080003e4                TIM3_IRQHandler
                0x00000000080003e4                RCC_IRQHandler
                0x00000000080003e4                TIM8_BRK_TIM12_IRQHandler
                0x00000000080003e4                Default_Handler
                0x00000000080003e4                EXTI15_10_IRQHandler
                0x00000000080003e4                ADC_IRQHandler
                0x00000000080003e4                DMA1_Stream7_IRQHandler
                0x00000000080003e4                TIM7_IRQHandler
                0x00000000080003e4                CAN2_TX_IRQHandler
                0x00000000080003e4                TIM5_IRQHandler
                0x00000000080003e4                DMA2_Stream7_IRQHandler
                0x00000000080003e4                I2C3_EV_IRQHandler
                0x00000000080003e4                EXTI9_5_IRQHandler
                0x00000000080003e4                RTC_WKUP_IRQHandler
                0x00000000080003e4                ETH_WKUP_IRQHandler
                0x00000000080003e4                SPI2_IRQHandler
                0x00000000080003e4                OTG_HS_EP1_IN_IRQHandler
                0x00000000080003e4                DMA1_Stream0_IRQHandler
                0x00000000080003e4                CAN1_TX_IRQHandler
                0x00000000080003e4                EXTI4_IRQHandler
                0x00000000080003e4                ETH_IRQHandler
                0x00000000080003e4                OTG_HS_EP1_OUT_IRQHandler
                0x00000000080003e4                WWDG_IRQHandler
                0x00000000080003e4                TIM2_IRQHandler
                0x00000000080003e4                OTG_FS_WKUP_IRQHandler
                0x00000000080003e4                TIM1_TRG_COM_TIM11_IRQHandler
                0x00000000080003e4                OTG_HS_IRQHandler
                0x00000000080003e4                EXTI1_IRQHandler
                0x00000000080003e4                USART2_IRQHandler
                0x00000000080003e4                I2C2_ER_IRQHandler
                0x00000000080003e4                DMA2_Stream1_IRQHandler
                0x00000000080003e4                CAN1_SCE_IRQHandler
                0x00000000080003e4                FLASH_IRQHandler
                0x00000000080003e4                DMA2_Stream4_IRQHandler
                0x00000000080003e4                USART1_IRQHandler
                0x00000000080003e4                OTG_FS_IRQHandler
                0x00000000080003e4                SPI3_IRQHandler
                0x00000000080003e4                DMA1_Stream4_IRQHandler
                0x00000000080003e4                I2C1_ER_IRQHandler
                0x00000000080003e4                FMC_IRQHandler
                0x00000000080003e4                DMA2_Stream6_IRQHandler
                0x00000000080003e4                DMA1_Stream3_IRQHandler

.inits          0x00000000080003e8       0x28
                0x00000000080003e8                __data_regions_array_start = .
                0x00000000080003e8        0x4 LONG 0x80066bc LOADADDR (.data)
                0x00000000080003ec        0x4 LONG 0x20000000 ADDR (.data)
                0x00000000080003f0        0x4 LONG 0x200009b8 (ADDR (.data) + SIZEOF (.data))
                0x00000000080003f4        0x4 LONG 0x80066bc LOADADDR (.data_CCMRAM)
                0x00000000080003f8        0x4 LONG 0x10000000 ADDR (.data_CCMRAM)
                0x00000000080003fc        0x4 LONG 0x10000000 (ADDR (.data_CCMRAM) + SIZEOF (.data_CCMRAM))
                0x0000000008000400                __data_regions_array_end = .
                0x0000000008000400                __bss_regions_array_start = .
                0x0000000008000400        0x4 LONG 0x200009b8 ADDR (.bss)
                0x0000000008000404        0x4 LONG 0x20000bc8 (ADDR (.bss) + SIZEOF (.bss))
                0x0000000008000408        0x4 LONG 0x10000000 ADDR (.bss_CCMRAM)
                0x000000000800040c        0x4 LONG 0x10000000 (ADDR (.bss_CCMRAM) + SIZEOF (.bss_CCMRAM))
                0x0000000008000410                __bss_regions_array_end = .
 *(.init)
 *(.fini)
                0x0000000008000410                . = ALIGN (0x4)
                0x0000000008000410                PROVIDE (__preinit_array_start, .)
 *(.preinit_array_sysinit .preinit_array_sysinit.*)
 *(.preinit_array_platform .preinit_array_platform.*)
 *(.preinit_array .preinit_array.*)
                0x0000000008000410                PROVIDE (__preinit_array_end, .)
                0x0000000008000410                . = ALIGN (0x4)
                0x0000000008000410                PROVIDE (__init_array_start, .)
 *(SORT_BY_NAME(.init_array.*))
 *(.init_array)
                0x0000000008000410                PROVIDE (__init_array_end, .)
                0x0000000008000410                . = ALIGN (0x4)
                0x0000000008000410                PROVIDE (__fini_array_start, .)
 *(SORT_BY_NAME(.fini_array.*))
 *(.fini_array)
                0x0000000008000410                PROVIDE (__fini_array_end, .)

.flashtext
 *(.flashtext .flashtext.*)

.text           0x0000000008000440     0x6274
 *(.text .text.*)
 .text.main     0x0000000008000440       0x64 ./src/main.o
                0x0000000008000440                main
 .text.HAL_MspInit
                0x00000000080004a4        0x2 ./hardware/src/stm32f4-hal/stm32f4xx_hal.o
                0x00000000080004a4                HAL_MspInit
 *fill*         0x00000000080004a6        0x2 
 .text.HAL_InitTick
                0x00000000080004a8       0x2c ./hardware/src/stm32f4-hal/stm32f4xx_hal.o
                0x00000000080004a8                HAL_InitTick
 .text.HAL_Init
                0x00000000080004d4       0x34 ./hardware/src/stm32f4-hal/stm32f4xx_hal.o
                0x00000000080004d4                HAL_Init
 .text.HAL_GetTick
                0x0000000008000508        0xc ./hardware/src/stm32f4-hal/stm32f4xx_hal.o
                0x0000000008000508                HAL_GetTick
 .text.HAL_NVIC_SetPriorityGrouping
                0x0000000008000514       0x3c ./hardware/src/stm32f4-hal/stm32f4xx_hal_cortex.o
                0x0000000008000514                HAL_NVIC_SetPriorityGrouping
 .text.HAL_NVIC_SetPriority
                0x0000000008000550       0x8c ./hardware/src/stm32f4-hal/stm32f4xx_hal_cortex.o
                0x0000000008000550                HAL_NVIC_SetPriority
 .text.HAL_SYSTICK_Config
                0x00000000080005dc       0x2c ./hardware/src/stm32f4-hal/stm32f4xx_hal_cortex.o
                0x00000000080005dc                HAL_SYSTICK_Config
 .text.HAL_SYSTICK_CLKSourceConfig
                0x0000000008000608       0x3c ./hardware/src/stm32f4-hal/stm32f4xx_hal_cortex.o
                0x0000000008000608                HAL_SYSTICK_CLKSourceConfig
 .text.HAL_GPIO_Init
                0x0000000008000644      0x304 ./hardware/src/stm32f4-hal/stm32f4xx_hal_gpio.o
                0x0000000008000644                HAL_GPIO_Init
 .text.HAL_GPIO_WritePin
                0x0000000008000948       0x38 ./hardware/src/stm32f4-hal/stm32f4xx_hal_gpio.o
                0x0000000008000948                HAL_GPIO_WritePin
 .text.HAL_RCC_OscConfig
                0x0000000008000980      0x43c ./hardware/src/stm32f4-hal/stm32f4xx_hal_rcc.o
                0x0000000008000980                HAL_RCC_OscConfig
 .text.HAL_RCC_GetSysClockFreq
                0x0000000008000dbc       0x94 ./hardware/src/stm32f4-hal/stm32f4xx_hal_rcc.o
                0x0000000008000dbc                HAL_RCC_GetSysClockFreq
 .text.HAL_RCC_ClockConfig
                0x0000000008000e50      0x258 ./hardware/src/stm32f4-hal/stm32f4xx_hal_rcc.o
                0x0000000008000e50                HAL_RCC_ClockConfig
 .text.HAL_RCC_GetHCLKFreq
                0x00000000080010a8        0xc ./hardware/src/stm32f4-hal/stm32f4xx_hal_rcc.o
                0x00000000080010a8                HAL_RCC_GetHCLKFreq
 .text.abort    0x00000000080010b4       0x14 ./hardware/src/newlib/_exit.o
                0x00000000080010b4                abort
 .text._sbrk    0x00000000080010c8       0x44 ./hardware/src/newlib/_sbrk.o
                0x00000000080010c8                _sbrk
 .text._exit    0x000000000800110c       0x20 ./hardware/src/newlib/_syscalls.o
                0x000000000800110c                _exit
 .text.initialise_monitor_handles
                0x000000000800112c       0xa8 ./hardware/src/newlib/_syscalls.o
                0x000000000800112c                initialise_monitor_handles
 .text.__initialize_args
                0x00000000080011d4       0xd0 ./hardware/src/newlib/_syscalls.o
                0x00000000080011d4                __initialize_args
 .text.assert_failed
                0x00000000080012a4       0x14 ./hardware/src/newlib/assert.o
                0x00000000080012a4                assert_failed
 .text.trace_printf
                0x00000000080012b8       0x30 ./hardware/src/diag/Trace.o
                0x00000000080012b8                trace_printf
 .text.trace_puts
                0x00000000080012e8       0x20 ./hardware/src/diag/Trace.o
                0x00000000080012e8                trace_puts
 .text._trace_write_semihosting_debug
                0x0000000008001308       0x60 ./hardware/src/diag/trace_impl.o
 .text.trace_write
                0x0000000008001368        0x8 ./hardware/src/diag/trace_impl.o
                0x0000000008001368                trace_write
 .text.__initialize_hardware_early
                0x0000000008001370       0x18 ./hardware/src/cortexm/_initialize_hardware.o
                0x0000000008001370                __initialize_hardware_early
 .text.dumpExceptionStack
                0x0000000008001388       0xf4 ./hardware/src/cortexm/exception_handlers.o
                0x0000000008001388                dumpExceptionStack
 .text.isSemihosting
                0x000000000800147c      0x100 ./hardware/src/cortexm/exception_handlers.o
                0x000000000800147c                isSemihosting
 .text.SystemInit
                0x000000000800157c       0x40 ./hardware/src/cmsis/system_stm32f4xx.o
                0x000000000800157c                SystemInit
 .text.SystemCoreClockUpdate
                0x00000000080015bc       0xa0 ./hardware/src/cmsis/system_stm32f4xx.o
                0x00000000080015bc                SystemCoreClockUpdate
 .text.SystemClock_Config
                0x000000000800165c       0x9c ./hardware/include/arm/_initialize_hardware.o
                0x000000000800165c                SystemClock_Config
 .text.__initialize_hardware
                0x00000000080016f8       0x10 ./hardware/include/arm/_initialize_hardware.o
                0x00000000080016f8                __initialize_hardware
 .text.__errno  0x0000000008001708        0xc /home/yama/Tool/gcc-arm-none-eabi-7-2017-q4-major/bin/../lib/gcc/arm-none-eabi/7.2.1/../../../../arm-none-eabi/lib/thumb/v7e-m/libg.a(lib_a-errno.o)
                0x0000000008001708                __errno
 .text.__locale_ctype_ptr
                0x0000000008001714       0x1c /home/yama/Tool/gcc-arm-none-eabi-7-2017-q4-major/bin/../lib/gcc/arm-none-eabi/7.2.1/../../../../arm-none-eabi/lib/thumb/v7e-m/libg.a(lib_a-locale.o)
                0x0000000008001714                __locale_ctype_ptr
 .text.__retarget_lock_acquire_recursive
                0x0000000008001730        0x4 /home/yama/Tool/gcc-arm-none-eabi-7-2017-q4-major/bin/../lib/gcc/arm-none-eabi/7.2.1/../../../../arm-none-eabi/lib/thumb/v7e-m/libg.a(lib_a-lock.o)
                0x0000000008001730                __retarget_lock_acquire_recursive
 .text.__retarget_lock_release_recursive
                0x0000000008001734        0x4 /home/yama/Tool/gcc-arm-none-eabi-7-2017-q4-major/bin/../lib/gcc/arm-none-eabi/7.2.1/../../../../arm-none-eabi/lib/thumb/v7e-m/libg.a(lib_a-lock.o)
                0x0000000008001734                __retarget_lock_release_recursive
 .text._malloc_r
                0x0000000008001738      0x548 /home/yama/Tool/gcc-arm-none-eabi-7-2017-q4-major/bin/../lib/gcc/arm-none-eabi/7.2.1/../../../../arm-none-eabi/lib/thumb/v7e-m/libg.a(lib_a-mallocr.o)
                0x0000000008001738                _malloc_r
 .text.__ascii_mbtowc
                0x0000000008001c80       0x2c /home/yama/Tool/gcc-arm-none-eabi-7-2017-q4-major/bin/../lib/gcc/arm-none-eabi/7.2.1/../../../../arm-none-eabi/lib/thumb/v7e-m/libg.a(lib_a-mbtowc_r.o)
                0x0000000008001c80                __ascii_mbtowc
 .text.memset   0x0000000008001cac       0x94 /home/yama/Tool/gcc-arm-none-eabi-7-2017-q4-major/bin/../lib/gcc/arm-none-eabi/7.2.1/../../../../arm-none-eabi/lib/thumb/v7e-m/libg.a(lib_a-memset.o)
                0x0000000008001cac                memset
 .text.__malloc_lock
                0x0000000008001d40        0xc /home/yama/Tool/gcc-arm-none-eabi-7-2017-q4-major/bin/../lib/gcc/arm-none-eabi/7.2.1/../../../../arm-none-eabi/lib/thumb/v7e-m/libg.a(lib_a-mlock.o)
                0x0000000008001d40                __malloc_lock
 .text.__malloc_unlock
                0x0000000008001d4c        0xc /home/yama/Tool/gcc-arm-none-eabi-7-2017-q4-major/bin/../lib/gcc/arm-none-eabi/7.2.1/../../../../arm-none-eabi/lib/thumb/v7e-m/libg.a(lib_a-mlock.o)
                0x0000000008001d4c                __malloc_unlock
 .text._sbrk_r  0x0000000008001d58       0x24 /home/yama/Tool/gcc-arm-none-eabi-7-2017-q4-major/bin/../lib/gcc/arm-none-eabi/7.2.1/../../../../arm-none-eabi/lib/thumb/v7e-m/libg.a(lib_a-sbrkr.o)
                0x0000000008001d58                _sbrk_r
 *fill*         0x0000000008001d7c        0x4 
 .text          0x0000000008001d80      0x2dc /home/yama/Tool/gcc-arm-none-eabi-7-2017-q4-major/bin/../lib/gcc/arm-none-eabi/7.2.1/../../../../arm-none-eabi/lib/thumb/v7e-m/libg.a(lib_a-strcmp.o)
                0x0000000008001d88                strcmp
 *fill*         0x000000000800205c       0x24 
 .text          0x0000000008002080       0xdc /home/yama/Tool/gcc-arm-none-eabi-7-2017-q4-major/bin/../lib/gcc/arm-none-eabi/7.2.1/../../../../arm-none-eabi/lib/thumb/v7e-m/libg.a(lib_a-strlen.o)
                0x0000000008002080                strlen
 .text._vsnprintf_r
                0x000000000800215c       0x70 /home/yama/Tool/gcc-arm-none-eabi-7-2017-q4-major/bin/../lib/gcc/arm-none-eabi/7.2.1/../../../../arm-none-eabi/lib/thumb/v7e-m/libg.a(lib_a-vsnprintf.o)
                0x000000000800215c                _vsnprintf_r
 .text.vsnprintf
                0x00000000080021cc       0x20 /home/yama/Tool/gcc-arm-none-eabi-7-2017-q4-major/bin/../lib/gcc/arm-none-eabi/7.2.1/../../../../arm-none-eabi/lib/thumb/v7e-m/libg.a(lib_a-vsnprintf.o)
                0x00000000080021cc                vsnprintf
 .text.__ascii_wctomb
                0x00000000080021ec       0x1c /home/yama/Tool/gcc-arm-none-eabi-7-2017-q4-major/bin/../lib/gcc/arm-none-eabi/7.2.1/../../../../arm-none-eabi/lib/thumb/v7e-m/libg.a(lib_a-wctomb_r.o)
                0x00000000080021ec                __ascii_wctomb
 .text._malloc_trim_r
                0x0000000008002208       0xa0 /home/yama/Tool/gcc-arm-none-eabi-7-2017-q4-major/bin/../lib/gcc/arm-none-eabi/7.2.1/../../../../arm-none-eabi/lib/thumb/v7e-m/libg.a(lib_a-freer.o)
                0x0000000008002208                _malloc_trim_r
 .text._free_r  0x00000000080022a8      0x1e8 /home/yama/Tool/gcc-arm-none-eabi-7-2017-q4-major/bin/../lib/gcc/arm-none-eabi/7.2.1/../../../../arm-none-eabi/lib/thumb/v7e-m/libg.a(lib_a-freer.o)
                0x00000000080022a8                _free_r
 .text._svfprintf_r
                0x0000000008002490     0x14a0 /home/yama/Tool/gcc-arm-none-eabi-7-2017-q4-major/bin/../lib/gcc/arm-none-eabi/7.2.1/../../../../arm-none-eabi/lib/thumb/v7e-m/libg.a(lib_a-svfprintf.o)
                0x0000000008002490                _svfprintf_r
 .text.quorem   0x0000000008003930      0x124 /home/yama/Tool/gcc-arm-none-eabi-7-2017-q4-major/bin/../lib/gcc/arm-none-eabi/7.2.1/../../../../arm-none-eabi/lib/thumb/v7e-m/libg.a(lib_a-dtoa.o)
 *fill*         0x0000000008003a54        0x4 
 .text._dtoa_r  0x0000000008003a58      0xdf4 /home/yama/Tool/gcc-arm-none-eabi-7-2017-q4-major/bin/../lib/gcc/arm-none-eabi/7.2.1/../../../../arm-none-eabi/lib/thumb/v7e-m/libg.a(lib_a-dtoa.o)
                0x0000000008003a58                _dtoa_r
 .text._localeconv_r
                0x000000000800484c       0x1c /home/yama/Tool/gcc-arm-none-eabi-7-2017-q4-major/bin/../lib/gcc/arm-none-eabi/7.2.1/../../../../arm-none-eabi/lib/thumb/v7e-m/libg.a(lib_a-localeconv.o)
                0x000000000800484c                _localeconv_r
 *fill*         0x0000000008004868        0x8 
 .text          0x0000000008004870       0xa0 /home/yama/Tool/gcc-arm-none-eabi-7-2017-q4-major/bin/../lib/gcc/arm-none-eabi/7.2.1/../../../../arm-none-eabi/lib/thumb/v7e-m/libg.a(lib_a-memchr.o)
                0x0000000008004870                memchr
 .text          0x0000000008004910      0x134 /home/yama/Tool/gcc-arm-none-eabi-7-2017-q4-major/bin/../lib/gcc/arm-none-eabi/7.2.1/../../../../arm-none-eabi/lib/thumb/v7e-m/libg.a(lib_a-memcpy.o)
                0x0000000008004910                memcpy
 .text._Balloc  0x0000000008004a44       0x4c /home/yama/Tool/gcc-arm-none-eabi-7-2017-q4-major/bin/../lib/gcc/arm-none-eabi/7.2.1/../../../../arm-none-eabi/lib/thumb/v7e-m/libg.a(lib_a-mprec.o)
                0x0000000008004a44                _Balloc
 .text._Bfree   0x0000000008004a90       0x14 /home/yama/Tool/gcc-arm-none-eabi-7-2017-q4-major/bin/../lib/gcc/arm-none-eabi/7.2.1/../../../../arm-none-eabi/lib/thumb/v7e-m/libg.a(lib_a-mprec.o)
                0x0000000008004a90                _Bfree
 .text.__multadd
                0x0000000008004aa4       0x80 /home/yama/Tool/gcc-arm-none-eabi-7-2017-q4-major/bin/../lib/gcc/arm-none-eabi/7.2.1/../../../../arm-none-eabi/lib/thumb/v7e-m/libg.a(lib_a-mprec.o)
                0x0000000008004aa4                __multadd
 .text.__hi0bits
                0x0000000008004b24       0x40 /home/yama/Tool/gcc-arm-none-eabi-7-2017-q4-major/bin/../lib/gcc/arm-none-eabi/7.2.1/../../../../arm-none-eabi/lib/thumb/v7e-m/libg.a(lib_a-mprec.o)
                0x0000000008004b24                __hi0bits
 .text.__lo0bits
                0x0000000008004b64       0x60 /home/yama/Tool/gcc-arm-none-eabi-7-2017-q4-major/bin/../lib/gcc/arm-none-eabi/7.2.1/../../../../arm-none-eabi/lib/thumb/v7e-m/libg.a(lib_a-mprec.o)
                0x0000000008004b64                __lo0bits
 .text.__i2b    0x0000000008004bc4       0x14 /home/yama/Tool/gcc-arm-none-eabi-7-2017-q4-major/bin/../lib/gcc/arm-none-eabi/7.2.1/../../../../arm-none-eabi/lib/thumb/v7e-m/libg.a(lib_a-mprec.o)
                0x0000000008004bc4                __i2b
 .text.__multiply
                0x0000000008004bd8      0x14c /home/yama/Tool/gcc-arm-none-eabi-7-2017-q4-major/bin/../lib/gcc/arm-none-eabi/7.2.1/../../../../arm-none-eabi/lib/thumb/v7e-m/libg.a(lib_a-mprec.o)
                0x0000000008004bd8                __multiply
 .text.__pow5mult
                0x0000000008004d24       0xa0 /home/yama/Tool/gcc-arm-none-eabi-7-2017-q4-major/bin/../lib/gcc/arm-none-eabi/7.2.1/../../../../arm-none-eabi/lib/thumb/v7e-m/libg.a(lib_a-mprec.o)
                0x0000000008004d24                __pow5mult
 .text.__lshift
                0x0000000008004dc4       0xac /home/yama/Tool/gcc-arm-none-eabi-7-2017-q4-major/bin/../lib/gcc/arm-none-eabi/7.2.1/../../../../arm-none-eabi/lib/thumb/v7e-m/libg.a(lib_a-mprec.o)
                0x0000000008004dc4                __lshift
 .text.__mcmp   0x0000000008004e70       0x38 /home/yama/Tool/gcc-arm-none-eabi-7-2017-q4-major/bin/../lib/gcc/arm-none-eabi/7.2.1/../../../../arm-none-eabi/lib/thumb/v7e-m/libg.a(lib_a-mprec.o)
                0x0000000008004e70                __mcmp
 .text.__mdiff  0x0000000008004ea8       0xec /home/yama/Tool/gcc-arm-none-eabi-7-2017-q4-major/bin/../lib/gcc/arm-none-eabi/7.2.1/../../../../arm-none-eabi/lib/thumb/v7e-m/libg.a(lib_a-mprec.o)
                0x0000000008004ea8                __mdiff
 .text.__d2b    0x0000000008004f94       0xb0 /home/yama/Tool/gcc-arm-none-eabi-7-2017-q4-major/bin/../lib/gcc/arm-none-eabi/7.2.1/../../../../arm-none-eabi/lib/thumb/v7e-m/libg.a(lib_a-mprec.o)
                0x0000000008004f94                __d2b
 .text.__ssprint_r
                0x0000000008005044       0xf4 /home/yama/Tool/gcc-arm-none-eabi-7-2017-q4-major/bin/../lib/gcc/arm-none-eabi/7.2.1/../../../../arm-none-eabi/lib/thumb/v7e-m/libg.a(lib_a-svfiprintf.o)
                0x0000000008005044                __ssprint_r
 .text._calloc_r
                0x0000000008005138       0x68 /home/yama/Tool/gcc-arm-none-eabi-7-2017-q4-major/bin/../lib/gcc/arm-none-eabi/7.2.1/../../../../arm-none-eabi/lib/thumb/v7e-m/libg.a(lib_a-callocr.o)
                0x0000000008005138                _calloc_r
 .text.memmove  0x00000000080051a0       0xc8 /home/yama/Tool/gcc-arm-none-eabi-7-2017-q4-major/bin/../lib/gcc/arm-none-eabi/7.2.1/../../../../arm-none-eabi/lib/thumb/v7e-m/libg.a(lib_a-memmove.o)
                0x00000000080051a0                memmove
 .text._realloc_r
                0x0000000008005268      0x35c /home/yama/Tool/gcc-arm-none-eabi-7-2017-q4-major/bin/../lib/gcc/arm-none-eabi/7.2.1/../../../../arm-none-eabi/lib/thumb/v7e-m/libg.a(lib_a-reallocr.o)
                0x0000000008005268                _realloc_r
 .text          0x00000000080055c4      0x378 /home/yama/Tool/gcc-arm-none-eabi-7-2017-q4-major/bin/../lib/gcc/arm-none-eabi/7.2.1/thumb/v7e-m/libgcc.a(_arm_addsubdf3.o)
                0x00000000080055c4                __aeabi_drsub
                0x00000000080055cc                __aeabi_dsub
                0x00000000080055cc                __subdf3
                0x00000000080055d0                __adddf3
                0x00000000080055d0                __aeabi_dadd
                0x0000000008005848                __aeabi_ui2d
                0x0000000008005848                __floatunsidf
                0x0000000008005868                __floatsidf
                0x0000000008005868                __aeabi_i2d
                0x000000000800588c                __extendsfdf2
                0x000000000800588c                __aeabi_f2d
                0x00000000080058d0                __aeabi_ul2d
                0x00000000080058d0                __floatundidf
                0x00000000080058e0                __floatdidf
                0x00000000080058e0                __aeabi_l2d
 .text          0x000000000800593c      0x424 /home/yama/Tool/gcc-arm-none-eabi-7-2017-q4-major/bin/../lib/gcc/arm-none-eabi/7.2.1/thumb/v7e-m/libgcc.a(_arm_muldivdf3.o)
                0x000000000800593c                __aeabi_dmul
                0x000000000800593c                __muldf3
                0x0000000008005b90                __aeabi_ddiv
                0x0000000008005b90                __divdf3
 .text          0x0000000008005d60      0x110 /home/yama/Tool/gcc-arm-none-eabi-7-2017-q4-major/bin/../lib/gcc/arm-none-eabi/7.2.1/thumb/v7e-m/libgcc.a(_arm_cmpdf2.o)
                0x0000000008005d60                __gtdf2
                0x0000000008005d60                __gedf2
                0x0000000008005d68                __ltdf2
                0x0000000008005d68                __ledf2
                0x0000000008005d70                __cmpdf2
                0x0000000008005d70                __eqdf2
                0x0000000008005d70                __nedf2
                0x0000000008005dec                __aeabi_cdrcmple
                0x0000000008005dfc                __aeabi_cdcmple
                0x0000000008005dfc                __aeabi_cdcmpeq
                0x0000000008005e0c                __aeabi_dcmpeq
                0x0000000008005e20                __aeabi_dcmplt
                0x0000000008005e34                __aeabi_dcmple
                0x0000000008005e48                __aeabi_dcmpge
                0x0000000008005e5c                __aeabi_dcmpgt
 .text          0x0000000008005e70       0x2c /home/yama/Tool/gcc-arm-none-eabi-7-2017-q4-major/bin/../lib/gcc/arm-none-eabi/7.2.1/thumb/v7e-m/libgcc.a(_arm_unorddf2.o)
                0x0000000008005e70                __aeabi_dcmpun
                0x0000000008005e70                __unorddf2
 .text          0x0000000008005e9c       0x50 /home/yama/Tool/gcc-arm-none-eabi-7-2017-q4-major/bin/../lib/gcc/arm-none-eabi/7.2.1/thumb/v7e-m/libgcc.a(_arm_fixdfsi.o)
                0x0000000008005e9c                __fixdfsi
                0x0000000008005e9c                __aeabi_d2iz
 .text          0x0000000008005eec       0x30 /home/yama/Tool/gcc-arm-none-eabi-7-2017-q4-major/bin/../lib/gcc/arm-none-eabi/7.2.1/thumb/v7e-m/libgcc.a(_aeabi_uldivmod.o)
                0x0000000008005eec                __aeabi_uldivmod
 .text          0x0000000008005f1c      0x2cc /home/yama/Tool/gcc-arm-none-eabi-7-2017-q4-major/bin/../lib/gcc/arm-none-eabi/7.2.1/thumb/v7e-m/libgcc.a(_udivmoddi4.o)
                0x0000000008005f1c                __udivmoddi4
 .text          0x00000000080061e8        0x4 /home/yama/Tool/gcc-arm-none-eabi-7-2017-q4-major/bin/../lib/gcc/arm-none-eabi/7.2.1/thumb/v7e-m/libgcc.a(_dvmd_tls.o)
                0x00000000080061e8                __aeabi_ldiv0
                0x00000000080061e8                __aeabi_idiv0
 *(.rodata .rodata.* .constdata .constdata.*)
 .rodata.HAL_NVIC_SetPriorityGrouping.str1.4
                0x00000000080061ec       0x33 ./hardware/src/stm32f4-hal/stm32f4xx_hal_cortex.o
 *fill*         0x000000000800621f        0x1 
 .rodata.HAL_GPIO_Init.str1.4
                0x0000000008006220       0x31 ./hardware/src/stm32f4-hal/stm32f4xx_hal_gpio.o
 *fill*         0x0000000008006251        0x3 
 .rodata.APBAHBPrescTable
                0x0000000008006254       0x10 ./hardware/src/stm32f4-hal/stm32f4xx_hal_rcc.o
                0x0000000008006254                APBAHBPrescTable
 .rodata.HAL_RCC_OscConfig.str1.4
                0x0000000008006264       0x30 ./hardware/src/stm32f4-hal/stm32f4xx_hal_rcc.o
 .rodata.abort.str1.4
                0x0000000008006294       0x14 ./hardware/src/newlib/_exit.o
 .rodata.initialise_monitor_handles.str1.4
                0x00000000080062a8        0x4 ./hardware/src/newlib/_syscalls.o
 .rodata.assert_failed.str1.4
                0x00000000080062ac       0x2b ./hardware/src/newlib/assert.o
 .rodata.trace_puts.str1.4
                0x00000000080062d7       0x2b ./hardware/src/diag/Trace.o
                                          0x2 (size before relaxing)
 *fill*         0x00000000080062d7        0x1 
 .rodata.dumpExceptionStack.str1.4
                0x00000000080062d8      0x11a ./hardware/src/cortexm/exception_handlers.o
 .rodata.isSemihosting.str1.4
                0x00000000080063f2        0x4 ./hardware/src/cortexm/exception_handlers.o
 *fill*         0x00000000080063f2        0x2 
 .rodata.str1.4
                0x00000000080063f4       0x2a ./hardware/src/cortexm/exception_handlers.o
 *fill*         0x000000000800641e        0x2 
 .rodata.AHBPrescTable
                0x0000000008006420       0x10 ./hardware/src/cmsis/system_stm32f4xx.o
                0x0000000008006420                AHBPrescTable
 .rodata._setlocale_r.str1.4
                0x0000000008006430        0xa /home/yama/Tool/gcc-arm-none-eabi-7-2017-q4-major/bin/../lib/gcc/arm-none-eabi/7.2.1/../../../../arm-none-eabi/lib/thumb/v7e-m/libg.a(lib_a-locale.o)
                                          0xd (size before relaxing)
 *fill*         0x000000000800643a        0x2 
 .rodata.str1.4
                0x000000000800643c        0x2 /home/yama/Tool/gcc-arm-none-eabi-7-2017-q4-major/bin/../lib/gcc/arm-none-eabi/7.2.1/../../../../arm-none-eabi/lib/thumb/v7e-m/libg.a(lib_a-locale.o)
 *fill*         0x000000000800643e        0x2 
 .rodata._ctype_
                0x0000000008006440      0x101 /home/yama/Tool/gcc-arm-none-eabi-7-2017-q4-major/bin/../lib/gcc/arm-none-eabi/7.2.1/../../../../arm-none-eabi/lib/thumb/v7e-m/libg.a(lib_a-ctype_.o)
                0x0000000008006440                _ctype_
 *fill*         0x0000000008006541        0x3 
 .rodata._svfprintf_r.str1.4
                0x0000000008006544       0x42 /home/yama/Tool/gcc-arm-none-eabi-7-2017-q4-major/bin/../lib/gcc/arm-none-eabi/7.2.1/../../../../arm-none-eabi/lib/thumb/v7e-m/libg.a(lib_a-svfprintf.o)
 *fill*         0x0000000008006586        0x2 
 .rodata.blanks.7276
                0x0000000008006588       0x10 /home/yama/Tool/gcc-arm-none-eabi-7-2017-q4-major/bin/../lib/gcc/arm-none-eabi/7.2.1/../../../../arm-none-eabi/lib/thumb/v7e-m/libg.a(lib_a-svfprintf.o)
 .rodata.zeroes.7277
                0x0000000008006598       0x10 /home/yama/Tool/gcc-arm-none-eabi-7-2017-q4-major/bin/../lib/gcc/arm-none-eabi/7.2.1/../../../../arm-none-eabi/lib/thumb/v7e-m/libg.a(lib_a-svfprintf.o)
 .rodata._dtoa_r.str1.4
                0x00000000080065a8       0x10 /home/yama/Tool/gcc-arm-none-eabi-7-2017-q4-major/bin/../lib/gcc/arm-none-eabi/7.2.1/../../../../arm-none-eabi/lib/thumb/v7e-m/libg.a(lib_a-dtoa.o)
                                         0x12 (size before relaxing)
 .rodata.__mprec_bigtens
                0x00000000080065b8       0x28 /home/yama/Tool/gcc-arm-none-eabi-7-2017-q4-major/bin/../lib/gcc/arm-none-eabi/7.2.1/../../../../arm-none-eabi/lib/thumb/v7e-m/libg.a(lib_a-mprec.o)
                0x00000000080065b8                __mprec_bigtens
 .rodata.__mprec_tens
                0x00000000080065e0       0xc8 /home/yama/Tool/gcc-arm-none-eabi-7-2017-q4-major/bin/../lib/gcc/arm-none-eabi/7.2.1/../../../../arm-none-eabi/lib/thumb/v7e-m/libg.a(lib_a-mprec.o)
                0x00000000080065e0                __mprec_tens
 .rodata.p05.6092
                0x00000000080066a8        0xc /home/yama/Tool/gcc-arm-none-eabi-7-2017-q4-major/bin/../lib/gcc/arm-none-eabi/7.2.1/../../../../arm-none-eabi/lib/thumb/v7e-m/libg.a(lib_a-mprec.o)
 *(vtable)
 *(.eh_frame*)
 *(.glue_7)
 .glue_7        0x00000000080066b4        0x0 linker stubs
 *(.glue_7t)
 .glue_7t       0x00000000080066b4        0x0 linker stubs

.vfp11_veneer   0x00000000080066b4        0x0
 .vfp11_veneer  0x00000000080066b4        0x0 linker stubs

.v4_bx          0x00000000080066b4        0x0
 .v4_bx         0x00000000080066b4        0x0 linker stubs

.iplt           0x00000000080066b4        0x0
 .iplt          0x00000000080066b4        0x0 ./src/main.o

.ARM.extab
 *(.ARM.extab* .gnu.linkonce.armextab.*)
                0x00000000080066b4                . = ALIGN (0x4)
                0x00000000080066b4                __exidx_start = .

.ARM.exidx      0x00000000080066b4        0x8
 *(.ARM.exidx* .gnu.linkonce.armexidx.*)
 .ARM.exidx     0x00000000080066b4        0x8 /home/yama/Tool/gcc-arm-none-eabi-7-2017-q4-major/bin/../lib/gcc/arm-none-eabi/7.2.1/thumb/v7e-m/libgcc.a(_udivmoddi4.o)
                0x00000000080066bc                __exidx_end = .

.rel.dyn        0x00000000080066bc        0x0
 .rel.iplt      0x00000000080066bc        0x0 ./src/main.o
                0x00000000080066bc                . = ALIGN (0x4)
                0x00000000080066bc                _etext = .
                0x00000000080066bc                __etext = .

.data_CCMRAM    0x0000000010000000        0x0 load address 0x00000000080066bc
 FILL mask 0xff
 *(.data.CCMRAM .data.CCMRAM.*)
                0x0000000010000000                . = ALIGN (0x4)
                0x00000000080066bc                _sidata = LOADADDR (.data)

.data           0x0000000020000000      0x9b8 load address 0x00000000080066bc
 FILL mask 0xff
                0x0000000020000000                _sdata = .
                0x0000000020000000                __data_start__ = .
 *(.data_begin .data_begin.*)
 .data_begin    0x0000000020000000        0x4 ./hardware/src/newlib/_startup.o
 *(.data .data.*)
 .data.SystemCoreClock
                0x0000000020000004        0x4 ./hardware/src/cmsis/system_stm32f4xx.o
                0x0000000020000004                SystemCoreClock
 .data._impure_ptr
                0x0000000020000008        0x4 /home/yama/Tool/gcc-arm-none-eabi-7-2017-q4-major/bin/../lib/gcc/arm-none-eabi/7.2.1/../../../../arm-none-eabi/lib/thumb/v7e-m/libg.a(lib_a-impure.o)
                0x0000000020000008                _impure_ptr
 *fill*         0x000000002000000c        0x4 ff
 .data.impure_data
                0x0000000020000010      0x428 /home/yama/Tool/gcc-arm-none-eabi-7-2017-q4-major/bin/../lib/gcc/arm-none-eabi/7.2.1/../../../../arm-none-eabi/lib/thumb/v7e-m/libg.a(lib_a-impure.o)
 .data.__global_locale
                0x0000000020000438      0x16c /home/yama/Tool/gcc-arm-none-eabi-7-2017-q4-major/bin/../lib/gcc/arm-none-eabi/7.2.1/../../../../arm-none-eabi/lib/thumb/v7e-m/libg.a(lib_a-locale.o)
                0x0000000020000438                __global_locale
 .data.__malloc_av_
                0x00000000200005a4      0x408 /home/yama/Tool/gcc-arm-none-eabi-7-2017-q4-major/bin/../lib/gcc/arm-none-eabi/7.2.1/../../../../arm-none-eabi/lib/thumb/v7e-m/libg.a(lib_a-mallocr.o)
                0x00000000200005a4                __malloc_av_
 .data.__malloc_sbrk_base
                0x00000000200009ac        0x4 /home/yama/Tool/gcc-arm-none-eabi-7-2017-q4-major/bin/../lib/gcc/arm-none-eabi/7.2.1/../../../../arm-none-eabi/lib/thumb/v7e-m/libg.a(lib_a-mallocr.o)
                0x00000000200009ac                __malloc_sbrk_base
 .data.__malloc_trim_threshold
                0x00000000200009b0        0x4 /home/yama/Tool/gcc-arm-none-eabi-7-2017-q4-major/bin/../lib/gcc/arm-none-eabi/7.2.1/../../../../arm-none-eabi/lib/thumb/v7e-m/libg.a(lib_a-mallocr.o)
                0x00000000200009b0                __malloc_trim_threshold
 *(.data_end .data_end.*)
 .data_end      0x00000000200009b4        0x4 ./hardware/src/newlib/_startup.o
                0x00000000200009b8                . = ALIGN (0x4)
                0x00000000200009b8                _edata = .
                0x00000000200009b8                __data_end__ = .

.igot.plt       0x00000000200009b8        0x0 load address 0x0000000008007074
 .igot.plt      0x00000000200009b8        0x0 ./src/main.o

.bss_CCMRAM     0x0000000010000000        0x0
 *(.bss.CCMRAM .bss.CCMRAM.*)

.bss            0x00000000200009b8      0x210
                0x00000000200009b8                __bss_start__ = .
                0x00000000200009b8                _sbss = .
 *(.bss_begin .bss_begin.*)
 .bss_begin     0x00000000200009b8        0x4 ./hardware/src/newlib/_startup.o
 *(.bss .bss.*)
 .bss.current_heap_end.4441
                0x00000000200009bc        0x4 ./hardware/src/newlib/_sbrk.o
 .bss.args_buf.6364
                0x00000000200009c0       0x50 ./hardware/src/newlib/_syscalls.o
 .bss.argv_buf.6365
                0x0000000020000a10       0x28 ./hardware/src/newlib/_syscalls.o
 .bss.monitor_stderr
                0x0000000020000a38        0x4 ./hardware/src/newlib/_syscalls.o
 .bss.monitor_stdin
                0x0000000020000a3c        0x4 ./hardware/src/newlib/_syscalls.o
 .bss.monitor_stdout
                0x0000000020000a40        0x4 ./hardware/src/newlib/_syscalls.o
 .bss.openfiles
                0x0000000020000a44       0xa0 ./hardware/src/newlib/_syscalls.o
 .bss.buf.5685  0x0000000020000ae4       0x80 ./hardware/src/diag/Trace.o
 .bss.__malloc_current_mallinfo
                0x0000000020000b64       0x28 /home/yama/Tool/gcc-arm-none-eabi-7-2017-q4-major/bin/../lib/gcc/arm-none-eabi/7.2.1/../../../../arm-none-eabi/lib/thumb/v7e-m/libg.a(lib_a-mallocr.o)
                0x0000000020000b64                __malloc_current_mallinfo
 .bss.__malloc_max_sbrked_mem
                0x0000000020000b8c        0x4 /home/yama/Tool/gcc-arm-none-eabi-7-2017-q4-major/bin/../lib/gcc/arm-none-eabi/7.2.1/../../../../arm-none-eabi/lib/thumb/v7e-m/libg.a(lib_a-mallocr.o)
                0x0000000020000b8c                __malloc_max_sbrked_mem
 .bss.__malloc_max_total_mem
                0x0000000020000b90        0x4 /home/yama/Tool/gcc-arm-none-eabi-7-2017-q4-major/bin/../lib/gcc/arm-none-eabi/7.2.1/../../../../arm-none-eabi/lib/thumb/v7e-m/libg.a(lib_a-mallocr.o)
                0x0000000020000b90                __malloc_max_total_mem
 .bss.__malloc_top_pad
                0x0000000020000b94        0x4 /home/yama/Tool/gcc-arm-none-eabi-7-2017-q4-major/bin/../lib/gcc/arm-none-eabi/7.2.1/../../../../arm-none-eabi/lib/thumb/v7e-m/libg.a(lib_a-mallocr.o)
                0x0000000020000b94                __malloc_top_pad
 *(COMMON)
 COMMON         0x0000000020000b98        0x4 ./hardware/src/stm32f4-hal/stm32f4xx_hal.o
                0x0000000020000b98                uwTick
 COMMON         0x0000000020000b9c        0x4 ./hardware/src/newlib/_syscalls.o
                0x0000000020000b9c                errno
 COMMON         0x0000000020000ba0       0x21 /home/yama/Tool/gcc-arm-none-eabi-7-2017-q4-major/bin/../lib/gcc/arm-none-eabi/7.2.1/../../../../arm-none-eabi/lib/thumb/v7e-m/libg.a(lib_a-lock.o)
                0x0000000020000ba0                __lock___atexit_recursive_mutex
                0x0000000020000ba4                __lock___arc4random_mutex
                0x0000000020000ba8                __lock___env_recursive_mutex
                0x0000000020000bac                __lock___sinit_recursive_mutex
                0x0000000020000bb0                __lock___malloc_recursive_mutex
                0x0000000020000bb4                __lock___at_quick_exit_mutex
                0x0000000020000bb8                __lock___dd_hash_mutex
                0x0000000020000bbc                __lock___tz_mutex
                0x0000000020000bc0                __lock___sfp_recursive_mutex
 *(.bss_end .bss_end.*)
 *fill*         0x0000000020000bc1        0x3 
 .bss_end       0x0000000020000bc4        0x4 ./hardware/src/newlib/_startup.o
                0x0000000020000bc8                . = ALIGN (0x4)
                0x0000000020000bc8                __bss_end__ = .
                0x0000000020000bc8                _ebss = .

.noinit_CCMRAM
 *(.noinit.CCMRAM .noinit.CCMRAM.*)

.noinit         0x0000000020000bc8        0x0
                0x0000000020000bc8                _noinit = .
 *(.noinit .noinit.*)
                0x0000000020000bc8                . = ALIGN (0x4)
                0x0000000020000bc8                _end_noinit = .
                [!provide]                        PROVIDE (end, _end_noinit)
                [!provide]                        PROVIDE (_end, _end_noinit)
                [!provide]                        PROVIDE (__end, _end_noinit)
                [!provide]                        PROVIDE (__end__, _end_noinit)

._check_stack   0x0000000020000bc8      0x100
                0x0000000020000cc8                . = (. + _Minimum_Stack_Size)
 *fill*         0x0000000020000bc8      0x100 

.b1text
 *(.b1text)
 *(.b1rodata)
 *(.b1rodata.*)

.eb0text
 *(.eb0text)
 *(.eb0rodata)
 *(.eb0rodata.*)

.eb1text
 *(.eb1text)
 *(.eb1rodata)
 *(.eb1rodata.*)

.eb2text
 *(.eb2text)
 *(.eb2rodata)
 *(.eb2rodata.*)

.eb3text
 *(.eb3text)
 *(.eb3rodata)
 *(.eb3rodata.*)

.stab
 *(.stab)

.stabstr
 *(.stabstr)

.stab.excl
 *(.stab.excl)

.stab.exclstr
 *(.stab.exclstr)

.stab.index
 *(.stab.index)

.stab.indexstr
 *(.stab.indexstr)

.comment        0x0000000000000000       0x7e
 *(.comment)
 .comment       0x0000000000000000       0x7e ./src/main.o
                                         0x7f (size before relaxing)
 .comment       0x000000000000007e       0x7f ./hardware/src/stm32f4-hal/stm32f4xx_hal.o
 .comment       0x000000000000007e       0x7f ./hardware/src/stm32f4-hal/stm32f4xx_hal_cortex.o
 .comment       0x000000000000007e       0x7f ./hardware/src/stm32f4-hal/stm32f4xx_hal_gpio.o
 .comment       0x000000000000007e       0x7f ./hardware/src/stm32f4-hal/stm32f4xx_hal_rcc.o
 .comment       0x000000000000007e       0x7f ./hardware/src/newlib/_exit.o
 .comment       0x000000000000007e       0x7f ./hardware/src/newlib/_sbrk.o
 .comment       0x000000000000007e       0x7f ./hardware/src/newlib/_startup.o
 .comment       0x000000000000007e       0x7f ./hardware/src/newlib/_syscalls.o
 .comment       0x000000000000007e       0x7f ./hardware/src/newlib/assert.o
 .comment       0x000000000000007e       0x7f ./hardware/src/diag/Trace.o
 .comment       0x000000000000007e       0x7f ./hardware/src/diag/trace_impl.o
 .comment       0x000000000000007e       0x7f ./hardware/src/cortexm/_initialize_hardware.o
 .comment       0x000000000000007e       0x7f ./hardware/src/cortexm/exception_handlers.o
 .comment       0x000000000000007e       0x7f ./hardware/src/cmsis/system_stm32f4xx.o
 .comment       0x000000000000007e       0x7f ./hardware/src/cmsis/vectors_stm32f407xx.o
 .comment       0x000000000000007e       0x7f ./hardware/include/arm/_initialize_hardware.o

.ARM.attributes
                0x0000000000000000       0x31
 .ARM.attributes
                0x0000000000000000       0x33 ./src/main.o
 .ARM.attributes
                0x0000000000000033       0x33 ./hardware/src/stm32f4-hal/stm32f4xx_hal.o
 .ARM.attributes
                0x0000000000000066       0x33 ./hardware/src/stm32f4-hal/stm32f4xx_hal_cortex.o
 .ARM.attributes
                0x0000000000000099       0x33 ./hardware/src/stm32f4-hal/stm32f4xx_hal_gpio.o
 .ARM.attributes
                0x00000000000000cc       0x33 ./hardware/src/stm32f4-hal/stm32f4xx_hal_rcc.o
 .ARM.attributes
                0x00000000000000ff       0x33 ./hardware/src/newlib/_exit.o
 .ARM.attributes
                0x0000000000000132       0x33 ./hardware/src/newlib/_sbrk.o
 .ARM.attributes
                0x0000000000000165       0x33 ./hardware/src/newlib/_startup.o
 .ARM.attributes
                0x0000000000000198       0x33 ./hardware/src/newlib/_syscalls.o
 .ARM.attributes
                0x00000000000001cb       0x33 ./hardware/src/newlib/assert.o
 .ARM.attributes
                0x00000000000001fe       0x33 ./hardware/src/diag/Trace.o
 .ARM.attributes
                0x0000000000000231       0x33 ./hardware/src/diag/trace_impl.o
 .ARM.attributes
                0x0000000000000264       0x33 ./hardware/src/cortexm/_initialize_hardware.o
 .ARM.attributes
                0x0000000000000297       0x33 ./hardware/src/cortexm/exception_handlers.o
 .ARM.attributes
                0x00000000000002ca       0x33 ./hardware/src/cmsis/system_stm32f4xx.o
 .ARM.attributes
                0x00000000000002fd       0x33 ./hardware/src/cmsis/vectors_stm32f407xx.o
 .ARM.attributes
                0x0000000000000330       0x33 ./hardware/include/arm/_initialize_hardware.o
 .ARM.attributes
                0x0000000000000363       0x2e /home/yama/Tool/gcc-arm-none-eabi-7-2017-q4-major/bin/../lib/gcc/arm-none-eabi/7.2.1/../../../../arm-none-eabi/lib/thumb/v7e-m/libg.a(lib_a-errno.o)
 .ARM.attributes
                0x0000000000000391       0x2e /home/yama/Tool/gcc-arm-none-eabi-7-2017-q4-major/bin/../lib/gcc/arm-none-eabi/7.2.1/../../../../arm-none-eabi/lib/thumb/v7e-m/libg.a(lib_a-impure.o)
 .ARM.attributes
                0x00000000000003bf       0x2e /home/yama/Tool/gcc-arm-none-eabi-7-2017-q4-major/bin/../lib/gcc/arm-none-eabi/7.2.1/../../../../arm-none-eabi/lib/thumb/v7e-m/libg.a(lib_a-locale.o)
 .ARM.attributes
                0x00000000000003ed       0x2e /home/yama/Tool/gcc-arm-none-eabi-7-2017-q4-major/bin/../lib/gcc/arm-none-eabi/7.2.1/../../../../arm-none-eabi/lib/thumb/v7e-m/libg.a(lib_a-lock.o)
 .ARM.attributes
                0x000000000000041b       0x2e /home/yama/Tool/gcc-arm-none-eabi-7-2017-q4-major/bin/../lib/gcc/arm-none-eabi/7.2.1/../../../../arm-none-eabi/lib/thumb/v7e-m/libg.a(lib_a-mallocr.o)
 .ARM.attributes
                0x0000000000000449       0x2e /home/yama/Tool/gcc-arm-none-eabi-7-2017-q4-major/bin/../lib/gcc/arm-none-eabi/7.2.1/../../../../arm-none-eabi/lib/thumb/v7e-m/libg.a(lib_a-mbtowc_r.o)
 .ARM.attributes
                0x0000000000000477       0x2e /home/yama/Tool/gcc-arm-none-eabi-7-2017-q4-major/bin/../lib/gcc/arm-none-eabi/7.2.1/../../../../arm-none-eabi/lib/thumb/v7e-m/libg.a(lib_a-memset.o)
 .ARM.attributes
                0x00000000000004a5       0x2e /home/yama/Tool/gcc-arm-none-eabi-7-2017-q4-major/bin/../lib/gcc/arm-none-eabi/7.2.1/../../../../arm-none-eabi/lib/thumb/v7e-m/libg.a(lib_a-mlock.o)
 .ARM.attributes
                0x00000000000004d3       0x2e /home/yama/Tool/gcc-arm-none-eabi-7-2017-q4-major/bin/../lib/gcc/arm-none-eabi/7.2.1/../../../../arm-none-eabi/lib/thumb/v7e-m/libg.a(lib_a-sbrkr.o)
 .ARM.attributes
                0x0000000000000501       0x1c /home/yama/Tool/gcc-arm-none-eabi-7-2017-q4-major/bin/../lib/gcc/arm-none-eabi/7.2.1/../../../../arm-none-eabi/lib/thumb/v7e-m/libg.a(lib_a-strcmp.o)
 .ARM.attributes
                0x000000000000051d       0x1c /home/yama/Tool/gcc-arm-none-eabi-7-2017-q4-major/bin/../lib/gcc/arm-none-eabi/7.2.1/../../../../arm-none-eabi/lib/thumb/v7e-m/libg.a(lib_a-strlen.o)
 .ARM.attributes
                0x0000000000000539       0x2e /home/yama/Tool/gcc-arm-none-eabi-7-2017-q4-major/bin/../lib/gcc/arm-none-eabi/7.2.1/../../../../arm-none-eabi/lib/thumb/v7e-m/libg.a(lib_a-vsnprintf.o)
 .ARM.attributes
                0x0000000000000567       0x2e /home/yama/Tool/gcc-arm-none-eabi-7-2017-q4-major/bin/../lib/gcc/arm-none-eabi/7.2.1/../../../../arm-none-eabi/lib/thumb/v7e-m/libg.a(lib_a-wctomb_r.o)
 .ARM.attributes
                0x0000000000000595       0x2e /home/yama/Tool/gcc-arm-none-eabi-7-2017-q4-major/bin/../lib/gcc/arm-none-eabi/7.2.1/../../../../arm-none-eabi/lib/thumb/v7e-m/libg.a(lib_a-ctype_.o)
 .ARM.attributes
                0x00000000000005c3       0x2e /home/yama/Tool/gcc-arm-none-eabi-7-2017-q4-major/bin/../lib/gcc/arm-none-eabi/7.2.1/../../../../arm-none-eabi/lib/thumb/v7e-m/libg.a(lib_a-freer.o)
 .ARM.attributes
                0x00000000000005f1       0x2e /home/yama/Tool/gcc-arm-none-eabi-7-2017-q4-major/bin/../lib/gcc/arm-none-eabi/7.2.1/../../../../arm-none-eabi/lib/thumb/v7e-m/libg.a(lib_a-svfprintf.o)
 .ARM.attributes
                0x000000000000061f       0x2e /home/yama/Tool/gcc-arm-none-eabi-7-2017-q4-major/bin/../lib/gcc/arm-none-eabi/7.2.1/../../../../arm-none-eabi/lib/thumb/v7e-m/libg.a(lib_a-dtoa.o)
 .ARM.attributes
                0x000000000000064d       0x2e /home/yama/Tool/gcc-arm-none-eabi-7-2017-q4-major/bin/../lib/gcc/arm-none-eabi/7.2.1/../../../../arm-none-eabi/lib/thumb/v7e-m/libg.a(lib_a-localeconv.o)
 .ARM.attributes
                0x000000000000067b       0x1c /home/yama/Tool/gcc-arm-none-eabi-7-2017-q4-major/bin/../lib/gcc/arm-none-eabi/7.2.1/../../../../arm-none-eabi/lib/thumb/v7e-m/libg.a(lib_a-memchr.o)
 .ARM.attributes
                0x0000000000000697       0x1c /home/yama/Tool/gcc-arm-none-eabi-7-2017-q4-major/bin/../lib/gcc/arm-none-eabi/7.2.1/../../../../arm-none-eabi/lib/thumb/v7e-m/libg.a(lib_a-memcpy.o)
 .ARM.attributes
                0x00000000000006b3       0x2e /home/yama/Tool/gcc-arm-none-eabi-7-2017-q4-major/bin/../lib/gcc/arm-none-eabi/7.2.1/../../../../arm-none-eabi/lib/thumb/v7e-m/libg.a(lib_a-mprec.o)
 .ARM.attributes
                0x00000000000006e1       0x2e /home/yama/Tool/gcc-arm-none-eabi-7-2017-q4-major/bin/../lib/gcc/arm-none-eabi/7.2.1/../../../../arm-none-eabi/lib/thumb/v7e-m/libg.a(lib_a-svfiprintf.o)
 .ARM.attributes
                0x000000000000070f       0x2e /home/yama/Tool/gcc-arm-none-eabi-7-2017-q4-major/bin/../lib/gcc/arm-none-eabi/7.2.1/../../../../arm-none-eabi/lib/thumb/v7e-m/libg.a(lib_a-callocr.o)
 .ARM.attributes
                0x000000000000073d       0x2e /home/yama/Tool/gcc-arm-none-eabi-7-2017-q4-major/bin/../lib/gcc/arm-none-eabi/7.2.1/../../../../arm-none-eabi/lib/thumb/v7e-m/libg.a(lib_a-memmove.o)
 .ARM.attributes
                0x000000000000076b       0x2e /home/yama/Tool/gcc-arm-none-eabi-7-2017-q4-major/bin/../lib/gcc/arm-none-eabi/7.2.1/../../../../arm-none-eabi/lib/thumb/v7e-m/libg.a(lib_a-reallocr.o)
 .ARM.attributes
                0x0000000000000799       0x1e /home/yama/Tool/gcc-arm-none-eabi-7-2017-q4-major/bin/../lib/gcc/arm-none-eabi/7.2.1/thumb/v7e-m/libgcc.a(_arm_addsubdf3.o)
 .ARM.attributes
                0x00000000000007b7       0x1e /home/yama/Tool/gcc-arm-none-eabi-7-2017-q4-major/bin/../lib/gcc/arm-none-eabi/7.2.1/thumb/v7e-m/libgcc.a(_arm_muldivdf3.o)
 .ARM.attributes
                0x00000000000007d5       0x1e /home/yama/Tool/gcc-arm-none-eabi-7-2017-q4-major/bin/../lib/gcc/arm-none-eabi/7.2.1/thumb/v7e-m/libgcc.a(_arm_cmpdf2.o)
 .ARM.attributes
                0x00000000000007f3       0x1e /home/yama/Tool/gcc-arm-none-eabi-7-2017-q4-major/bin/../lib/gcc/arm-none-eabi/7.2.1/thumb/v7e-m/libgcc.a(_arm_unorddf2.o)
 .ARM.attributes
                0x0000000000000811       0x1e /home/yama/Tool/gcc-arm-none-eabi-7-2017-q4-major/bin/../lib/gcc/arm-none-eabi/7.2.1/thumb/v7e-m/libgcc.a(_arm_fixdfsi.o)
 .ARM.attributes
                0x000000000000082f       0x1e /home/yama/Tool/gcc-arm-none-eabi-7-2017-q4-major/bin/../lib/gcc/arm-none-eabi/7.2.1/thumb/v7e-m/libgcc.a(_aeabi_uldivmod.o)
 .ARM.attributes
                0x000000000000084d       0x2e /home/yama/Tool/gcc-arm-none-eabi-7-2017-q4-major/bin/../lib/gcc/arm-none-eabi/7.2.1/thumb/v7e-m/libgcc.a(_udivmoddi4.o)
 .ARM.attributes
                0x000000000000087b       0x1e /home/yama/Tool/gcc-arm-none-eabi-7-2017-q4-major/bin/../lib/gcc/arm-none-eabi/7.2.1/thumb/v7e-m/libgcc.a(_dvmd_tls.o)

.debug
 *(.debug)

.line
 *(.line)

.debug_srcinfo
 *(.debug_srcinfo)

.debug_sfnames
 *(.debug_sfnames)

.debug_aranges  0x0000000000000000      0x5b8
 *(.debug_aranges)
 .debug_aranges
                0x0000000000000000       0x20 ./src/main.o
 .debug_aranges
                0x0000000000000020       0xc0 ./hardware/src/stm32f4-hal/stm32f4xx_hal.o
 .debug_aranges
                0x00000000000000e0       0x98 ./hardware/src/stm32f4-hal/stm32f4xx_hal_cortex.o
 .debug_aranges
                0x0000000000000178       0x58 ./hardware/src/stm32f4-hal/stm32f4xx_hal_gpio.o
 .debug_aranges
                0x00000000000001d0       0x88 ./hardware/src/stm32f4-hal/stm32f4xx_hal_rcc.o
 .debug_aranges
                0x0000000000000258       0x28 ./hardware/src/newlib/_exit.o
 .debug_aranges
                0x0000000000000280       0x20 ./hardware/src/newlib/_sbrk.o
 .debug_aranges
                0x00000000000002a0       0x40 ./hardware/src/newlib/_startup.o
 .debug_aranges
                0x00000000000002e0      0x120 ./hardware/src/newlib/_syscalls.o
 .debug_aranges
                0x0000000000000400       0x28 ./hardware/src/newlib/assert.o
 .debug_aranges
                0x0000000000000428       0x38 ./hardware/src/diag/Trace.o
 .debug_aranges
                0x0000000000000460       0x30 ./hardware/src/diag/trace_impl.o
 .debug_aranges
                0x0000000000000490       0x28 ./hardware/src/cortexm/_initialize_hardware.o
 .debug_aranges
                0x00000000000004b8       0x90 ./hardware/src/cortexm/exception_handlers.o
 .debug_aranges
                0x0000000000000548       0x28 ./hardware/src/cmsis/system_stm32f4xx.o
 .debug_aranges
                0x0000000000000570       0x20 ./hardware/src/cmsis/vectors_stm32f407xx.o
 .debug_aranges
                0x0000000000000590       0x28 ./hardware/include/arm/_initialize_hardware.o

.debug_pubnames
 *(.debug_pubnames)

.debug_info     0x0000000000000000     0xef4f
 *(.debug_info .gnu.linkonce.wi.*)
 .debug_info    0x0000000000000000      0xc98 ./src/main.o
 .debug_info    0x0000000000000c98     0x1106 ./hardware/src/stm32f4-hal/stm32f4xx_hal.o
 .debug_info    0x0000000000001d9e     0x1925 ./hardware/src/stm32f4-hal/stm32f4xx_hal_cortex.o
 .debug_info    0x00000000000036c3     0x10ba ./hardware/src/stm32f4-hal/stm32f4xx_hal_gpio.o
 .debug_info    0x000000000000477d     0x1780 ./hardware/src/stm32f4-hal/stm32f4xx_hal_rcc.o
 .debug_info    0x0000000000005efd      0x956 ./hardware/src/newlib/_exit.o
 .debug_info    0x0000000000006853      0x942 ./hardware/src/newlib/_sbrk.o
 .debug_info    0x0000000000007195      0x4ca ./hardware/src/newlib/_startup.o
 .debug_info    0x000000000000765f     0x2027 ./hardware/src/newlib/_syscalls.o
 .debug_info    0x0000000000009686      0xa15 ./hardware/src/newlib/assert.o
 .debug_info    0x000000000000a09b      0xb2a ./hardware/src/diag/Trace.o
 .debug_info    0x000000000000abc5      0xb81 ./hardware/src/diag/trace_impl.o
 .debug_info    0x000000000000b746      0xaff ./hardware/src/cortexm/_initialize_hardware.o
 .debug_info    0x000000000000c245     0x1222 ./hardware/src/cortexm/exception_handlers.o
 .debug_info    0x000000000000d467      0xcf5 ./hardware/src/cmsis/system_stm32f4xx.o
 .debug_info    0x000000000000e15c       0xca ./hardware/src/cmsis/vectors_stm32f407xx.o
 .debug_info    0x000000000000e226      0xd29 ./hardware/include/arm/_initialize_hardware.o

.debug_abbrev   0x0000000000000000     0x2b1d
 *(.debug_abbrev)
 .debug_abbrev  0x0000000000000000      0x22f ./src/main.o
 .debug_abbrev  0x000000000000022f      0x32b ./hardware/src/stm32f4-hal/stm32f4xx_hal.o
 .debug_abbrev  0x000000000000055a      0x3f1 ./hardware/src/stm32f4-hal/stm32f4xx_hal_cortex.o
 .debug_abbrev  0x000000000000094b      0x2de ./hardware/src/stm32f4-hal/stm32f4xx_hal_gpio.o
 .debug_abbrev  0x0000000000000c29      0x394 ./hardware/src/stm32f4-hal/stm32f4xx_hal_rcc.o
 .debug_abbrev  0x0000000000000fbd      0x1f3 ./hardware/src/newlib/_exit.o
 .debug_abbrev  0x00000000000011b0      0x1fc ./hardware/src/newlib/_sbrk.o
 .debug_abbrev  0x00000000000013ac      0x1cb ./hardware/src/newlib/_startup.o
 .debug_abbrev  0x0000000000001577      0x429 ./hardware/src/newlib/_syscalls.o
 .debug_abbrev  0x00000000000019a0      0x1f3 ./hardware/src/newlib/assert.o
 .debug_abbrev  0x0000000000001b93      0x276 ./hardware/src/diag/Trace.o
 .debug_abbrev  0x0000000000001e09      0x2ef ./hardware/src/diag/trace_impl.o
 .debug_abbrev  0x00000000000020f8      0x1de ./hardware/src/cortexm/_initialize_hardware.o
 .debug_abbrev  0x00000000000022d6      0x367 ./hardware/src/cortexm/exception_handlers.o
 .debug_abbrev  0x000000000000263d      0x216 ./hardware/src/cmsis/system_stm32f4xx.o
 .debug_abbrev  0x0000000000002853       0x9d ./hardware/src/cmsis/vectors_stm32f407xx.o
 .debug_abbrev  0x00000000000028f0      0x22d ./hardware/include/arm/_initialize_hardware.o

.debug_line     0x0000000000000000     0x98f1
 *(.debug_line)
 .debug_line    0x0000000000000000      0xbeb ./src/main.o
 .debug_line    0x0000000000000beb      0xc72 ./hardware/src/stm32f4-hal/stm32f4xx_hal.o
 .debug_line    0x000000000000185d      0xd69 ./hardware/src/stm32f4-hal/stm32f4xx_hal_cortex.o
 .debug_line    0x00000000000025c6      0xd91 ./hardware/src/stm32f4-hal/stm32f4xx_hal_gpio.o
 .debug_line    0x0000000000003357      0xef4 ./hardware/src/stm32f4-hal/stm32f4xx_hal_rcc.o
 .debug_line    0x000000000000424b      0x366 ./hardware/src/newlib/_exit.o
 .debug_line    0x00000000000045b1      0x2f5 ./hardware/src/newlib/_sbrk.o
 .debug_line    0x00000000000048a6      0x3c6 ./hardware/src/newlib/_startup.o
 .debug_line    0x0000000000004c6c      0x8e2 ./hardware/src/newlib/_syscalls.o
 .debug_line    0x000000000000554e      0x3aa ./hardware/src/newlib/assert.o
 .debug_line    0x00000000000058f8      0x3e2 ./hardware/src/diag/Trace.o
 .debug_line    0x0000000000005cda      0xbb4 ./hardware/src/diag/trace_impl.o
 .debug_line    0x000000000000688e      0xb0e ./hardware/src/cortexm/_initialize_hardware.o
 .debug_line    0x000000000000739c      0xcd7 ./hardware/src/cortexm/exception_handlers.o
 .debug_line    0x0000000000008073      0xb14 ./hardware/src/cmsis/system_stm32f4xx.o
 .debug_line    0x0000000000008b87      0x256 ./hardware/src/cmsis/vectors_stm32f407xx.o
 .debug_line    0x0000000000008ddd      0xb14 ./hardware/include/arm/_initialize_hardware.o

.debug_frame    0x0000000000000000     0x188c
 *(.debug_frame)
 .debug_frame   0x0000000000000000       0x28 ./src/main.o
 .debug_frame   0x0000000000000028      0x188 ./hardware/src/stm32f4-hal/stm32f4xx_hal.o
 .debug_frame   0x00000000000001b0      0x17c ./hardware/src/stm32f4-hal/stm32f4xx_hal_cortex.o
 .debug_frame   0x000000000000032c       0xfc ./hardware/src/stm32f4-hal/stm32f4xx_hal_gpio.o
 .debug_frame   0x0000000000000428      0x140 ./hardware/src/stm32f4-hal/stm32f4xx_hal_rcc.o
 .debug_frame   0x0000000000000568       0x38 ./hardware/src/newlib/_exit.o
 .debug_frame   0x00000000000005a0       0x28 ./hardware/src/newlib/_sbrk.o
 .debug_frame   0x00000000000005c8       0x7c ./hardware/src/newlib/_startup.o
 .debug_frame   0x0000000000000644      0x3dc ./hardware/src/newlib/_syscalls.o
 .debug_frame   0x0000000000000a20       0x40 ./hardware/src/newlib/assert.o
 .debug_frame   0x0000000000000a60       0x94 ./hardware/src/diag/Trace.o
 .debug_frame   0x0000000000000af4       0x64 ./hardware/src/diag/trace_impl.o
 .debug_frame   0x0000000000000b58       0x40 ./hardware/src/cortexm/_initialize_hardware.o
 .debug_frame   0x0000000000000b98      0x164 ./hardware/src/cortexm/exception_handlers.o
 .debug_frame   0x0000000000000cfc       0x30 ./hardware/src/cmsis/system_stm32f4xx.o
 .debug_frame   0x0000000000000d2c       0x20 ./hardware/src/cmsis/vectors_stm32f407xx.o
 .debug_frame   0x0000000000000d4c       0x48 ./hardware/include/arm/_initialize_hardware.o
 .debug_frame   0x0000000000000d94       0x20 /home/yama/Tool/gcc-arm-none-eabi-7-2017-q4-major/bin/../lib/gcc/arm-none-eabi/7.2.1/../../../../arm-none-eabi/lib/thumb/v7e-m/libg.a(lib_a-errno.o)
 .debug_frame   0x0000000000000db4       0x6c /home/yama/Tool/gcc-arm-none-eabi-7-2017-q4-major/bin/../lib/gcc/arm-none-eabi/7.2.1/../../../../arm-none-eabi/lib/thumb/v7e-m/libg.a(lib_a-locale.o)
 .debug_frame   0x0000000000000e20       0xb0 /home/yama/Tool/gcc-arm-none-eabi-7-2017-q4-major/bin/../lib/gcc/arm-none-eabi/7.2.1/../../../../arm-none-eabi/lib/thumb/v7e-m/libg.a(lib_a-lock.o)
 .debug_frame   0x0000000000000ed0       0x54 /home/yama/Tool/gcc-arm-none-eabi-7-2017-q4-major/bin/../lib/gcc/arm-none-eabi/7.2.1/../../../../arm-none-eabi/lib/thumb/v7e-m/libg.a(lib_a-mallocr.o)
 .debug_frame   0x0000000000000f24       0x4c /home/yama/Tool/gcc-arm-none-eabi-7-2017-q4-major/bin/../lib/gcc/arm-none-eabi/7.2.1/../../../../arm-none-eabi/lib/thumb/v7e-m/libg.a(lib_a-mbtowc_r.o)
 .debug_frame   0x0000000000000f70       0x38 /home/yama/Tool/gcc-arm-none-eabi-7-2017-q4-major/bin/../lib/gcc/arm-none-eabi/7.2.1/../../../../arm-none-eabi/lib/thumb/v7e-m/libg.a(lib_a-memset.o)
 .debug_frame   0x0000000000000fa8       0x30 /home/yama/Tool/gcc-arm-none-eabi-7-2017-q4-major/bin/../lib/gcc/arm-none-eabi/7.2.1/../../../../arm-none-eabi/lib/thumb/v7e-m/libg.a(lib_a-mlock.o)
 .debug_frame   0x0000000000000fd8       0x2c /home/yama/Tool/gcc-arm-none-eabi-7-2017-q4-major/bin/../lib/gcc/arm-none-eabi/7.2.1/../../../../arm-none-eabi/lib/thumb/v7e-m/libg.a(lib_a-sbrkr.o)
 .debug_frame   0x0000000000001004       0x68 /home/yama/Tool/gcc-arm-none-eabi-7-2017-q4-major/bin/../lib/gcc/arm-none-eabi/7.2.1/../../../../arm-none-eabi/lib/thumb/v7e-m/libg.a(lib_a-strcmp.o)
 .debug_frame   0x000000000000106c       0x5c /home/yama/Tool/gcc-arm-none-eabi-7-2017-q4-major/bin/../lib/gcc/arm-none-eabi/7.2.1/../../../../arm-none-eabi/lib/thumb/v7e-m/libg.a(lib_a-vsnprintf.o)
 .debug_frame   0x00000000000010c8       0x3c /home/yama/Tool/gcc-arm-none-eabi-7-2017-q4-major/bin/../lib/gcc/arm-none-eabi/7.2.1/../../../../arm-none-eabi/lib/thumb/v7e-m/libg.a(lib_a-wctomb_r.o)
 .debug_frame   0x0000000000001104       0x80 /home/yama/Tool/gcc-arm-none-eabi-7-2017-q4-major/bin/../lib/gcc/arm-none-eabi/7.2.1/../../../../arm-none-eabi/lib/thumb/v7e-m/libg.a(lib_a-freer.o)
 .debug_frame   0x0000000000001184       0x40 /home/yama/Tool/gcc-arm-none-eabi-7-2017-q4-major/bin/../lib/gcc/arm-none-eabi/7.2.1/../../../../arm-none-eabi/lib/thumb/v7e-m/libg.a(lib_a-svfprintf.o)
 .debug_frame   0x00000000000011c4       0x90 /home/yama/Tool/gcc-arm-none-eabi-7-2017-q4-major/bin/../lib/gcc/arm-none-eabi/7.2.1/../../../../arm-none-eabi/lib/thumb/v7e-m/libg.a(lib_a-dtoa.o)
 .debug_frame   0x0000000000001254       0x40 /home/yama/Tool/gcc-arm-none-eabi-7-2017-q4-major/bin/../lib/gcc/arm-none-eabi/7.2.1/../../../../arm-none-eabi/lib/thumb/v7e-m/libg.a(lib_a-localeconv.o)
 .debug_frame   0x0000000000001294      0x25c /home/yama/Tool/gcc-arm-none-eabi-7-2017-q4-major/bin/../lib/gcc/arm-none-eabi/7.2.1/../../../../arm-none-eabi/lib/thumb/v7e-m/libg.a(lib_a-mprec.o)
 .debug_frame   0x00000000000014f0       0x78 /home/yama/Tool/gcc-arm-none-eabi-7-2017-q4-major/bin/../lib/gcc/arm-none-eabi/7.2.1/../../../../arm-none-eabi/lib/thumb/v7e-m/libg.a(lib_a-svfiprintf.o)
 .debug_frame   0x0000000000001568       0x28 /home/yama/Tool/gcc-arm-none-eabi-7-2017-q4-major/bin/../lib/gcc/arm-none-eabi/7.2.1/../../../../arm-none-eabi/lib/thumb/v7e-m/libg.a(lib_a-callocr.o)
 .debug_frame   0x0000000000001590       0x40 /home/yama/Tool/gcc-arm-none-eabi-7-2017-q4-major/bin/../lib/gcc/arm-none-eabi/7.2.1/../../../../arm-none-eabi/lib/thumb/v7e-m/libg.a(lib_a-memmove.o)
 .debug_frame   0x00000000000015d0       0x58 /home/yama/Tool/gcc-arm-none-eabi-7-2017-q4-major/bin/../lib/gcc/arm-none-eabi/7.2.1/../../../../arm-none-eabi/lib/thumb/v7e-m/libg.a(lib_a-reallocr.o)
 .debug_frame   0x0000000000001628       0xac /home/yama/Tool/gcc-arm-none-eabi-7-2017-q4-major/bin/../lib/gcc/arm-none-eabi/7.2.1/thumb/v7e-m/libgcc.a(_arm_addsubdf3.o)
 .debug_frame   0x00000000000016d4       0x50 /home/yama/Tool/gcc-arm-none-eabi-7-2017-q4-major/bin/../lib/gcc/arm-none-eabi/7.2.1/thumb/v7e-m/libgcc.a(_arm_muldivdf3.o)
 .debug_frame   0x0000000000001724       0xc4 /home/yama/Tool/gcc-arm-none-eabi-7-2017-q4-major/bin/../lib/gcc/arm-none-eabi/7.2.1/thumb/v7e-m/libgcc.a(_arm_cmpdf2.o)
 .debug_frame   0x00000000000017e8       0x20 /home/yama/Tool/gcc-arm-none-eabi-7-2017-q4-major/bin/../lib/gcc/arm-none-eabi/7.2.1/thumb/v7e-m/libgcc.a(_arm_unorddf2.o)
 .debug_frame   0x0000000000001808       0x24 /home/yama/Tool/gcc-arm-none-eabi-7-2017-q4-major/bin/../lib/gcc/arm-none-eabi/7.2.1/thumb/v7e-m/libgcc.a(_arm_fixdfsi.o)
 .debug_frame   0x000000000000182c       0x2c /home/yama/Tool/gcc-arm-none-eabi-7-2017-q4-major/bin/../lib/gcc/arm-none-eabi/7.2.1/thumb/v7e-m/libgcc.a(_aeabi_uldivmod.o)
 .debug_frame   0x0000000000001858       0x34 /home/yama/Tool/gcc-arm-none-eabi-7-2017-q4-major/bin/../lib/gcc/arm-none-eabi/7.2.1/thumb/v7e-m/libgcc.a(_udivmoddi4.o)

.debug_str      0x0000000000000000    0x9c7c9
 *(.debug_str)
 .debug_str     0x0000000000000000    0x9882e ./src/main.o
                                      0x98b8c (size before relaxing)
 .debug_str     0x000000000009882e      0x9e0 ./hardware/src/stm32f4-hal/stm32f4xx_hal.o
                                      0x9803a (size before relaxing)
 .debug_str     0x000000000009920e      0x39c ./hardware/src/stm32f4-hal/stm32f4xx_hal_cortex.o
                                      0x97ecb (size before relaxing)
 .debug_str     0x00000000000995aa      0x24b ./hardware/src/stm32f4-hal/stm32f4xx_hal_gpio.o
                                      0x978dc (size before relaxing)
 .debug_str     0x00000000000997f5      0x395 ./hardware/src/stm32f4-hal/stm32f4xx_hal_rcc.o
                                      0x97a6a (size before relaxing)
 .debug_str     0x0000000000099b8a       0x36 ./hardware/src/newlib/_exit.o
                                       0x7ef1 (size before relaxing)
 .debug_str     0x0000000000099bc0      0x4f7 ./hardware/src/newlib/_sbrk.o
                                       0x72a3 (size before relaxing)
 .debug_str     0x000000000009a0b7      0x2c3 ./hardware/src/newlib/_startup.o
                                       0x69eb (size before relaxing)
 .debug_str     0x000000000009a37a     0x1f2c ./hardware/src/newlib/_syscalls.o
                                       0xb306 (size before relaxing)
 .debug_str     0x000000000009c2a6       0xd2 ./hardware/src/newlib/assert.o
                                       0x89a7 (size before relaxing)
 .debug_str     0x000000000009c378       0x8a ./hardware/src/diag/Trace.o
                                       0x8669 (size before relaxing)
 .debug_str     0x000000000009c402       0xa4 ./hardware/src/diag/trace_impl.o
                                      0x987e4 (size before relaxing)
 .debug_str     0x000000000009c4a6       0x60 ./hardware/src/cortexm/_initialize_hardware.o
                                      0x97580 (size before relaxing)
 .debug_str     0x000000000009c506      0x1de ./hardware/src/cortexm/exception_handlers.o
                                      0x989df (size before relaxing)
 .debug_str     0x000000000009c6e4       0x48 ./hardware/src/cmsis/system_stm32f4xx.o
                                      0x9764f (size before relaxing)
 .debug_str     0x000000000009c72c       0x5b ./hardware/src/cmsis/vectors_stm32f407xx.o
                                       0x3cb5 (size before relaxing)
 .debug_str     0x000000000009c787       0x42 ./hardware/include/arm/_initialize_hardware.o
                                      0x97774 (size before relaxing)

.debug_loc      0x0000000000000000     0x2eb1
 *(.debug_loc)
 .debug_loc     0x0000000000000000       0x7a ./src/main.o
 .debug_loc     0x000000000000007a       0x92 ./hardware/src/stm32f4-hal/stm32f4xx_hal.o
 .debug_loc     0x000000000000010c      0x73b ./hardware/src/stm32f4-hal/stm32f4xx_hal_cortex.o
 .debug_loc     0x0000000000000847      0x5af ./hardware/src/stm32f4-hal/stm32f4xx_hal_gpio.o
 .debug_loc     0x0000000000000df6      0x50a ./hardware/src/stm32f4-hal/stm32f4xx_hal_rcc.o
 .debug_loc     0x0000000000001300       0x85 ./hardware/src/newlib/_sbrk.o
 .debug_loc     0x0000000000001385      0x2cb ./hardware/src/newlib/_startup.o
 .debug_loc     0x0000000000001650      0xfdd ./hardware/src/newlib/_syscalls.o
 .debug_loc     0x000000000000262d      0x134 ./hardware/src/newlib/assert.o
 .debug_loc     0x0000000000002761       0xf6 ./hardware/src/diag/Trace.o
 .debug_loc     0x0000000000002857      0x121 ./hardware/src/diag/trace_impl.o
 .debug_loc     0x0000000000002978      0x3fb ./hardware/src/cortexm/exception_handlers.o
 .debug_loc     0x0000000000002d73      0x13e ./hardware/src/cmsis/system_stm32f4xx.o

.debug_macinfo
 *(.debug_macinfo)

.debug_weaknames
 *(.debug_weaknames)

.debug_funcnames
 *(.debug_funcnames)

.debug_typenames
 *(.debug_typenames)

.debug_varnames
 *(.debug_varnames)
OUTPUT(HAL_WorkStation.elf elf32-littlearm)

.debug_ranges   0x0000000000000000      0x5c8
 .debug_ranges  0x0000000000000000       0x10 ./src/main.o
 .debug_ranges  0x0000000000000010       0xb0 ./hardware/src/stm32f4-hal/stm32f4xx_hal.o
 .debug_ranges  0x00000000000000c0       0xe8 ./hardware/src/stm32f4-hal/stm32f4xx_hal_cortex.o
 .debug_ranges  0x00000000000001a8       0x48 ./hardware/src/stm32f4-hal/stm32f4xx_hal_gpio.o
 .debug_ranges  0x00000000000001f0       0x78 ./hardware/src/stm32f4-hal/stm32f4xx_hal_rcc.o
 .debug_ranges  0x0000000000000268       0x18 ./hardware/src/newlib/_exit.o
 .debug_ranges  0x0000000000000280       0x10 ./hardware/src/newlib/_sbrk.o
 .debug_ranges  0x0000000000000290       0x90 ./hardware/src/newlib/_startup.o
 .debug_ranges  0x0000000000000320      0x140 ./hardware/src/newlib/_syscalls.o
 .debug_ranges  0x0000000000000460       0x18 ./hardware/src/newlib/assert.o
 .debug_ranges  0x0000000000000478       0x28 ./hardware/src/diag/Trace.o
 .debug_ranges  0x00000000000004a0       0x50 ./hardware/src/diag/trace_impl.o
 .debug_ranges  0x00000000000004f0       0x18 ./hardware/src/cortexm/_initialize_hardware.o
 .debug_ranges  0x0000000000000508       0x80 ./hardware/src/cortexm/exception_handlers.o
 .debug_ranges  0x0000000000000588       0x18 ./hardware/src/cmsis/system_stm32f4xx.o
 .debug_ranges  0x00000000000005a0       0x10 ./hardware/src/cmsis/vectors_stm32f407xx.o
 .debug_ranges  0x00000000000005b0       0x18 ./hardware/include/arm/_initialize_hardware.o

.debug_macro    0x0000000000000000     0x5c95
 .debug_macro   0x0000000000000000      0x601 ./src/main.o
 .debug_macro   0x0000000000000601      0x56d ./hardware/src/stm32f4-hal/stm32f4xx_hal.o
 .debug_macro   0x0000000000000b6e       0x87 ./hardware/src/stm32f4-hal/stm32f4xx_hal.o
 .debug_macro   0x0000000000000bf5       0x51 ./hardware/src/stm32f4-hal/stm32f4xx_hal.o
 .debug_macro   0x0000000000000c46       0x58 ./hardware/src/stm32f4-hal/stm32f4xx_hal.o
 .debug_macro   0x0000000000000c9e       0x16 ./hardware/src/stm32f4-hal/stm32f4xx_hal.o
 .debug_macro   0x0000000000000cb4       0x97 ./hardware/src/stm32f4-hal/stm32f4xx_hal.o
 .debug_macro   0x0000000000000d4b       0xfd ./hardware/src/stm32f4-hal/stm32f4xx_hal.o
 .debug_macro   0x0000000000000e48      0x51f ./hardware/src/stm32f4-hal/stm32f4xx_hal_cortex.o
 .debug_macro   0x0000000000001367      0x557 ./hardware/src/stm32f4-hal/stm32f4xx_hal_gpio.o
 .debug_macro   0x00000000000018be      0x549 ./hardware/src/stm32f4-hal/stm32f4xx_hal_rcc.o
 .debug_macro   0x0000000000001e07      0x1b4 ./hardware/src/newlib/_exit.o
 .debug_macro   0x0000000000001fbb      0x10e ./hardware/src/newlib/_exit.o
 .debug_macro   0x00000000000020c9       0x8d ./hardware/src/newlib/_exit.o
 .debug_macro   0x0000000000002156      0x169 ./hardware/src/newlib/_sbrk.o
 .debug_macro   0x00000000000022bf       0x10 ./hardware/src/newlib/_sbrk.o
 .debug_macro   0x00000000000022cf      0x23b ./hardware/src/newlib/_sbrk.o
 .debug_macro   0x000000000000250a      0x188 ./hardware/src/newlib/_startup.o
 .debug_macro   0x0000000000002692      0xa78 ./hardware/src/newlib/_startup.o
 .debug_macro   0x000000000000310a      0x2e3 ./hardware/src/newlib/_syscalls.o
 .debug_macro   0x00000000000033ed       0x10 ./hardware/src/newlib/_syscalls.o
 .debug_macro   0x00000000000033fd       0x10 ./hardware/src/newlib/_syscalls.o
 .debug_macro   0x000000000000340d       0x10 ./hardware/src/newlib/_syscalls.o
 .debug_macro   0x000000000000341d       0x35 ./hardware/src/newlib/_syscalls.o
 .debug_macro   0x0000000000003452      0x122 ./hardware/src/newlib/_syscalls.o
 .debug_macro   0x0000000000003574      0x1e3 ./hardware/src/newlib/_syscalls.o
 .debug_macro   0x0000000000003757       0x10 ./hardware/src/newlib/_syscalls.o
 .debug_macro   0x0000000000003767       0x10 ./hardware/src/newlib/_syscalls.o
 .debug_macro   0x0000000000003777       0x16 ./hardware/src/newlib/_syscalls.o
 .debug_macro   0x000000000000378d       0x88 ./hardware/src/newlib/_syscalls.o
 .debug_macro   0x0000000000003815      0x241 ./hardware/src/newlib/_syscalls.o
 .debug_macro   0x0000000000003a56       0x16 ./hardware/src/newlib/_syscalls.o
 .debug_macro   0x0000000000003a6c       0x3a ./hardware/src/newlib/_syscalls.o
 .debug_macro   0x0000000000003aa6      0x111 ./hardware/src/newlib/_syscalls.o
 .debug_macro   0x0000000000003bb7      0x189 ./hardware/src/newlib/_syscalls.o
 .debug_macro   0x0000000000003d40       0x16 ./hardware/src/newlib/_syscalls.o
 .debug_macro   0x0000000000003d56       0x22 ./hardware/src/newlib/_syscalls.o
 .debug_macro   0x0000000000003d78      0x1df ./hardware/src/newlib/assert.o
 .debug_macro   0x0000000000003f57       0x1c ./hardware/src/newlib/assert.o
 .debug_macro   0x0000000000003f73      0x1fb ./hardware/src/diag/Trace.o
 .debug_macro   0x000000000000416e      0x565 ./hardware/src/diag/trace_impl.o
 .debug_macro   0x00000000000046d3      0x529 ./hardware/src/cortexm/_initialize_hardware.o
 .debug_macro   0x0000000000004bfc      0x5a7 ./hardware/src/cortexm/exception_handlers.o
 .debug_macro   0x00000000000051a3       0x3b ./hardware/src/cortexm/exception_handlers.o
 .debug_macro   0x00000000000051de      0x525 ./hardware/src/cmsis/system_stm32f4xx.o
 .debug_macro   0x0000000000005703       0x73 ./hardware/src/cmsis/vectors_stm32f407xx.o
 .debug_macro   0x0000000000005776      0x51f ./hardware/include/arm/_initialize_hardware.o
